[    0.000000] Linux version 6.12.16-custom+ (lab@server3) (gcc (Ubuntu 9.5.0-1ubuntu1~22.04) 9.5.0, GNU ld (GNU Binutils for Ubuntu) 2.38) #7 SMP PREEMPT_DYNAMIC Thu Apr 10 15:30:23 CST 2025
[    0.000000] Command line: BOOT_IMAGE=/boot/vmlinuz-6.12.16-custom+ root=UUID=ace14467-43e4-4018-8e27-3dea88bc4773 ro memmap=79G$82G isolcpus=7,8 console=tty0 earlyprintk=tty0 crashkernel=64G-:1G
[    0.000000] KERNEL supported cpus:
[    0.000000]   Intel GenuineIntel
[    0.000000]   AMD AuthenticAMD
[    0.000000]   Hygon HygonGenuine
[    0.000000]   Centaur CentaurHauls
[    0.000000]   zhaoxin   Shanghai  
[    0.000000] BIOS-provided physical RAM map:
[    0.000000] BIOS-e820: [mem 0x0000000000000000-0x000000000005cfff] usable
[    0.000000] BIOS-e820: [mem 0x000000000005d000-0x000000000005efff] reserved
[    0.000000] BIOS-e820: [mem 0x000000000005f000-0x000000000009ffff] usable
[    0.000000] BIOS-e820: [mem 0x00000000000a0000-0x00000000000fffff] reserved
[    0.000000] BIOS-e820: [mem 0x0000000000100000-0x0000000068792fff] usable
[    0.000000] BIOS-e820: [mem 0x0000000068793000-0x0000000069f7dfff] reserved
[    0.000000] BIOS-e820: [mem 0x0000000069f7e000-0x000000006a9adfff] ACPI NVS
[    0.000000] BIOS-e820: [mem 0x000000006a9ae000-0x000000006abbffff] ACPI data
[    0.000000] BIOS-e820: [mem 0x000000006abc0000-0x000000006f7fffff] usable
[    0.000000] BIOS-e820: [mem 0x000000006f800000-0x000000008fffffff] reserved
[    0.000000] BIOS-e820: [mem 0x00000000fe000000-0x00000000fe010fff] reserved
[    0.000000] BIOS-e820: [mem 0x0000000100000000-0x000000287fffffff] usable
[    0.000000] NX (Execute Disable) protection: active
[    0.000000] APIC: Static calls initialized
[    0.000000] e820: update [mem 0x66259018-0x6628ca57] usable ==> usable
[    0.000000] e820: update [mem 0x66225018-0x66258a57] usable ==> usable
[    0.000000] e820: update [mem 0x656fa018-0x6571a457] usable ==> usable
[    0.000000] e820: update [mem 0x66462018-0x6646c657] usable ==> usable
[    0.000000] e820: update [mem 0x656ef018-0x656f9657] usable ==> usable
[    0.000000] extended physical RAM map:
[    0.000000] reserve setup_data: [mem 0x0000000000000000-0x000000000005cfff] usable
[    0.000000] reserve setup_data: [mem 0x000000000005d000-0x000000000005efff] reserved
[    0.000000] reserve setup_data: [mem 0x000000000005f000-0x000000000009ffff] usable
[    0.000000] reserve setup_data: [mem 0x00000000000a0000-0x00000000000fffff] reserved
[    0.000000] reserve setup_data: [mem 0x0000000000100000-0x00000000656ef017] usable
[    0.000000] reserve setup_data: [mem 0x00000000656ef018-0x00000000656f9657] usable
[    0.000000] reserve setup_data: [mem 0x00000000656f9658-0x00000000656fa017] usable
[    0.000000] reserve setup_data: [mem 0x00000000656fa018-0x000000006571a457] usable
[    0.000000] reserve setup_data: [mem 0x000000006571a458-0x0000000066225017] usable
[    0.000000] reserve setup_data: [mem 0x0000000066225018-0x0000000066258a57] usable
[    0.000000] reserve setup_data: [mem 0x0000000066258a58-0x0000000066259017] usable
[    0.000000] reserve setup_data: [mem 0x0000000066259018-0x000000006628ca57] usable
[    0.000000] reserve setup_data: [mem 0x000000006628ca58-0x0000000066462017] usable
[    0.000000] reserve setup_data: [mem 0x0000000066462018-0x000000006646c657] usable
[    0.000000] reserve setup_data: [mem 0x000000006646c658-0x0000000068792fff] usable
[    0.000000] reserve setup_data: [mem 0x0000000068793000-0x0000000069f7dfff] reserved
[    0.000000] reserve setup_data: [mem 0x0000000069f7e000-0x000000006a9adfff] ACPI NVS
[    0.000000] reserve setup_data: [mem 0x000000006a9ae000-0x000000006abbffff] ACPI data
[    0.000000] reserve setup_data: [mem 0x000000006abc0000-0x000000006f7fffff] usable
[    0.000000] reserve setup_data: [mem 0x000000006f800000-0x000000008fffffff] reserved
[    0.000000] reserve setup_data: [mem 0x00000000fe000000-0x00000000fe010fff] reserved
[    0.000000] reserve setup_data: [mem 0x0000000100000000-0x000000147fffffff] usable
[    0.000000] reserve setup_data: [mem 0x0000001480000000-0x000000283fffffff] reserved
[    0.000000] reserve setup_data: [mem 0x0000002840000000-0x000000287fffffff] usable
[    0.000000] user-defined physical RAM map:
[    0.000000] user: [mem 0x0000000000000000-0x000000000005cfff] usable
[    0.000000] user: [mem 0x000000000005d000-0x000000000005efff] reserved
[    0.000000] user: [mem 0x000000000005f000-0x000000000009ffff] usable
[    0.000000] user: [mem 0x00000000000a0000-0x00000000000fffff] reserved
[    0.000000] user: [mem 0x0000000000100000-0x00000000656ef017] usable
[    0.000000] user: [mem 0x00000000656ef018-0x00000000656f9657] usable
[    0.000000] user: [mem 0x00000000656f9658-0x00000000656fa017] usable
[    0.000000] user: [mem 0x00000000656fa018-0x000000006571a457] usable
[    0.000000] user: [mem 0x000000006571a458-0x0000000066225017] usable
[    0.000000] user: [mem 0x0000000066225018-0x0000000066258a57] usable
[    0.000000] user: [mem 0x0000000066258a58-0x0000000066259017] usable
[    0.000000] user: [mem 0x0000000066259018-0x000000006628ca57] usable
[    0.000000] user: [mem 0x000000006628ca58-0x0000000066462017] usable
[    0.000000] user: [mem 0x0000000066462018-0x000000006646c657] usable
[    0.000000] user: [mem 0x000000006646c658-0x0000000068792fff] usable
[    0.000000] user: [mem 0x0000000068793000-0x0000000069f7dfff] reserved
[    0.000000] user: [mem 0x0000000069f7e000-0x000000006a9adfff] ACPI NVS
[    0.000000] user: [mem 0x000000006a9ae000-0x000000006abbffff] ACPI data
[    0.000000] user: [mem 0x000000006abc0000-0x000000006f7fffff] usable
[    0.000000] user: [mem 0x000000006f800000-0x000000008fffffff] reserved
[    0.000000] user: [mem 0x00000000fe000000-0x00000000fe010fff] reserved
[    0.000000] user: [mem 0x0000000100000000-0x000000147fffffff] usable
[    0.000000] user: [mem 0x0000001480000000-0x000000283fffffff] reserved
[    0.000000] user: [mem 0x0000002840000000-0x000000287fffffff] usable
[    0.000000] efi: EFI v2.5 by HP
[    0.000000] efi: ACPI=0x6abbf000 ACPI 2.0=0x6abbf014 SMBIOS=0x68866000 SMBIOS 3.0=0x68864000 ESRT=0x686dbd98 MEMATTR=0x67670318 MOKvar=0x68865000 
[    0.000000] efi: memattr: Unexpected EFI Memory Attributes table version -1347440721
[    0.000000] efi: Remove mem81: MMIO range=[0x80000000-0x8fffffff] (256MB) from e820 map
[    0.000000] e820: remove [mem 0x80000000-0x8fffffff] reserved
[    0.000000] efi: Not removing mem82: MMIO range=[0xfe000000-0xfe010fff] (68KB) from e820 map
[    0.000000] SMBIOS 3.0.0 present.
[    0.000000] DMI: HP HP Z8 G4 Workstation/81C7, BIOS P60 v01.67 08/15/2018
[    0.000000] DMI: Memory slots populated: 5/24
[    0.000000] tsc: Detected 2200.000 MHz processor
[    0.000194] e820: update [mem 0x00000000-0x00000fff] usable ==> reserved
[    0.000198] e820: remove [mem 0x000a0000-0x000fffff] usable
[    0.000213] last_pfn = 0x2880000 max_arch_pfn = 0x400000000
[    0.000222] total RAM covered: 163808M
[    0.000423] Found optimal setting for mtrr clean up
[    0.000424]  gran_size: 64K 	chunk_size: 64M 	num_reg: 9  	lose cover RAM: 0G
[    0.000429] MTRR map: 5 entries (2 fixed + 3 variable; max 22), built from 10 variable MTRRs
[    0.000432] x86/PAT: Configuration [0-7]: WB  WC  UC- UC  WB  WP  UC- WT  
[    0.001288] e820: update [mem 0x7e000000-0xffffffff] usable ==> reserved
[    0.001293] last_pfn = 0x6f800 max_arch_pfn = 0x400000000
[    0.011827] esrt: Reserving ESRT space from 0x00000000686dbd98 to 0x00000000686dbdd0.
[    0.011834] e820: update [mem 0x686db000-0x686dbfff] usable ==> reserved
[    0.011867] Using GB pages for direct mapping
[    0.012361] Secure boot disabled
[    0.012362] RAMDISK: [mem 0x284ccf0000-0x287fffffff]
[    0.012369] ACPI: Early table checksum verification disabled
[    0.012373] ACPI: RSDP 0x000000006ABBF014 000024 (v02 HPQOEM)
[    0.012378] ACPI: XSDT 0x000000006AA54188 000124 (v01 HPQOEM SLIC-BPC 00000000      01000013)
[    0.012386] ACPI: FACP 0x000000006ABBB000 000114 (v06 HPQOEM SLIC-BPC 00000000 HP   00000001)
[    0.012393] ACPI: DSDT 0x000000006AB3C000 055427 (v02 HPQOEM SLIC-WKS 00000003 INTL 20091013)
[    0.012398] ACPI: FACS 0x000000006A94B000 000040
[    0.012402] ACPI: SSDT 0x000000006ABBC000 001FA9 (v01 HPQOEM Plat_Wmi 00000001 INTL 20140828)
[    0.012406] ACPI: UEFI 0x000000006A981000 00005C (v01 INTEL  RstUefiV 00000000      00000000)
[    0.012411] ACPI: UEFI 0x000000006A97E000 000042 (v01 HPQOEM SLIC-WKS 00000002      01000013)
[    0.012415] ACPI: WSMT 0x000000006ABBA000 000028 (v01 HPQOEM SLIC-WKS 00000001 INTL 20091013)
[    0.012419] ACPI: HPET 0x000000006ABB9000 000038 (v01 HPQOEM SLIC-WKS 00000001 INTL 20091013)
[    0.012423] ACPI: APIC 0x000000006ABB7000 0016DE (v03 HPQOEM SLIC-WKS 00000000 INTL 20091013)
[    0.012428] ACPI: MCFG 0x000000006ABB6000 00003C (v01 HPQOEM SLIC-WKS 00000001 INTL 20091013)
[    0.012432] ACPI: MIGT 0x000000006ABB5000 000040 (v01 HPQOEM SLIC-WKS 00000000 INTL 20091013)
[    0.012436] ACPI: MSCT 0x000000006ABB4000 000090 (v01 HPQOEM SLIC-WKS 00000001 INTL 20091013)
[    0.012440] ACPI: NFIT 0x000000006AB9B000 018028 (v01                 00000000      00000000)
[    0.012445] ACPI: PCAT 0x000000006AB9A000 000048 (v01 HPQOEM SLIC-WKS 00000002 INTL 20091013)
[    0.012449] ACPI: PCCT 0x000000006AB99000 00006E (v01 HPQOEM SLIC-WKS 00000002 INTL 20091013)
[    0.012453] ACPI: RASF 0x000000006AB98000 000030 (v01 HPQOEM SLIC-WKS 00000001 INTL 20091013)
[    0.012458] ACPI: SLIT 0x000000006AB97000 00006C (v01 HPQOEM SLIC-WKS 00000001 INTL 20091013)
[    0.012462] ACPI: SRAT 0x000000006AB94000 002830 (v03 HPQOEM SLIC-WKS 00000002 INTL 20091013)
[    0.012467] ACPI: SVOS 0x000000006AB93000 000032 (v01 HPQOEM SLIC-WKS 00000000 INTL 20091013)
[    0.012471] ACPI: WDDT 0x000000006AB92000 000040 (v01 HPQOEM SLIC-WKS 00000000 INTL 20091013)
[    0.012475] ACPI: OEM4 0x000000006AA99000 0A27C4 (v02 HPQOEM CPU  CST 00003000 INTL 20140828)
[    0.012479] ACPI: OEM1 0x000000006AA6F000 029144 (v02 HPQOEM CPU EIST 00003000 INTL 20140828)
[    0.012484] ACPI: OEM2 0x000000006AA55000 019464 (v02 HPQOEM CPU  HWP 00003000 INTL 20140828)
[    0.012488] ACPI: SSDT 0x000000006AA20000 033CD9 (v02 HPQOEM SSDT  PM 00004000 INTL 20140828)
[    0.012493] ACPI: SSDT 0x000000006ABBE000 000A72 (v02 HPQOEM SLIC-WKS 00000000 INTL 20091013)
[    0.012497] ACPI: UEFI 0x000000006A346000 00005C (v01 INTEL  RstsSatV 00000000      00000000)
[    0.012501] ACPI: UEFI 0x000000006A345000 00005C (v01 INTEL  RstSataV 00000000      00000000)
[    0.012506] ACPI: SPCR 0x000000006AA1F000 000050 (v01                 00000000      00000000)
[    0.012510] ACPI: DMAR 0x000000006AA1E000 000200 (v01 HPQOEM SLIC-WKS 00000001 INTL 20091013)
[    0.012515] ACPI: HEST 0x000000006AA1D000 000028 (v01 HPQOEM SLIC-WKS 00000001 INTL 00000001)
[    0.012519] ACPI: BERT 0x000000006AA1C000 000030 (v01 HPQOEM SLIC-WKS 00000001 INTL 00000001)
[    0.012523] ACPI: ERST 0x000000006AA1B000 000230 (v01 HPQOEM SLIC-WKS 00000001 INTL 00000001)
[    0.012528] ACPI: EINJ 0x000000006AA1A000 000150 (v01 HPQOEM SLIC-WKS 00000001 INTL 00000001)
[    0.012532] ACPI: BGRT 0x000000006AA19000 000038 (v01 HPQOEM SLIC-WKS 00000002      01000013)
[    0.012535] ACPI: Reserving FACP table memory at [mem 0x6abbb000-0x6abbb113]
[    0.012537] ACPI: Reserving DSDT table memory at [mem 0x6ab3c000-0x6ab91426]
[    0.012539] ACPI: Reserving FACS table memory at [mem 0x6a94b000-0x6a94b03f]
[    0.012540] ACPI: Reserving SSDT table memory at [mem 0x6abbc000-0x6abbdfa8]
[    0.012541] ACPI: Reserving UEFI table memory at [mem 0x6a981000-0x6a98105b]
[    0.012543] ACPI: Reserving UEFI table memory at [mem 0x6a97e000-0x6a97e041]
[    0.012544] ACPI: Reserving WSMT table memory at [mem 0x6abba000-0x6abba027]
[    0.012545] ACPI: Reserving HPET table memory at [mem 0x6abb9000-0x6abb9037]
[    0.012547] ACPI: Reserving APIC table memory at [mem 0x6abb7000-0x6abb86dd]
[    0.012548] ACPI: Reserving MCFG table memory at [mem 0x6abb6000-0x6abb603b]
[    0.012549] ACPI: Reserving MIGT table memory at [mem 0x6abb5000-0x6abb503f]
[    0.012550] ACPI: Reserving MSCT table memory at [mem 0x6abb4000-0x6abb408f]
[    0.012551] ACPI: Reserving NFIT table memory at [mem 0x6ab9b000-0x6abb3027]
[    0.012552] ACPI: Reserving PCAT table memory at [mem 0x6ab9a000-0x6ab9a047]
[    0.012554] ACPI: Reserving PCCT table memory at [mem 0x6ab99000-0x6ab9906d]
[    0.012555] ACPI: Reserving RASF table memory at [mem 0x6ab98000-0x6ab9802f]
[    0.012556] ACPI: Reserving SLIT table memory at [mem 0x6ab97000-0x6ab9706b]
[    0.012557] ACPI: Reserving SRAT table memory at [mem 0x6ab94000-0x6ab9682f]
[    0.012558] ACPI: Reserving SVOS table memory at [mem 0x6ab93000-0x6ab93031]
[    0.012560] ACPI: Reserving WDDT table memory at [mem 0x6ab92000-0x6ab9203f]
[    0.012561] ACPI: Reserving OEM4 table memory at [mem 0x6aa99000-0x6ab3b7c3]
[    0.012562] ACPI: Reserving OEM1 table memory at [mem 0x6aa6f000-0x6aa98143]
[    0.012563] ACPI: Reserving OEM2 table memory at [mem 0x6aa55000-0x6aa6e463]
[    0.012565] ACPI: Reserving SSDT table memory at [mem 0x6aa20000-0x6aa53cd8]
[    0.012566] ACPI: Reserving SSDT table memory at [mem 0x6abbe000-0x6abbea71]
[    0.012567] ACPI: Reserving UEFI table memory at [mem 0x6a346000-0x6a34605b]
[    0.012568] ACPI: Reserving UEFI table memory at [mem 0x6a345000-0x6a34505b]
[    0.012570] ACPI: Reserving SPCR table memory at [mem 0x6aa1f000-0x6aa1f04f]
[    0.012571] ACPI: Reserving DMAR table memory at [mem 0x6aa1e000-0x6aa1e1ff]
[    0.012572] ACPI: Reserving HEST table memory at [mem 0x6aa1d000-0x6aa1d027]
[    0.012573] ACPI: Reserving BERT table memory at [mem 0x6aa1c000-0x6aa1c02f]
[    0.012575] ACPI: Reserving ERST table memory at [mem 0x6aa1b000-0x6aa1b22f]
[    0.012576] ACPI: Reserving EINJ table memory at [mem 0x6aa1a000-0x6aa1a14f]
[    0.012577] ACPI: Reserving BGRT table memory at [mem 0x6aa19000-0x6aa19037]
[    0.012668] ACPI: SRAT: Node 0 PXM 0 [mem 0x00000000-0x7fffffff]
[    0.012671] ACPI: SRAT: Node 0 PXM 0 [mem 0x100000000-0x87fffffff]
[    0.012673] ACPI: SRAT: Node 0 PXM 0 [mem 0x880000000-0x187fffffff]
[    0.012675] ACPI: SRAT: Node 1 PXM 1 [mem 0x1880000000-0x207fffffff]
[    0.012676] ACPI: SRAT: Node 1 PXM 1 [mem 0x2080000000-0x287fffffff]
[    0.012688] NUMA: Initialized distance table, cnt=2
[    0.012692] NUMA: Node 0 [mem 0x00001000-0x7fffffff] + [mem 0x100000000-0x87fffffff] -> [mem 0x00001000-0x87fffffff]
[    0.012695] NUMA: Node 0 [mem 0x00001000-0x87fffffff] + [mem 0x880000000-0x187fffffff] -> [mem 0x00001000-0x187fffffff]
[    0.012710] NODE_DATA(0) allocated [mem 0x147ffd5680-0x147fffffff]
[    0.012730] NODE_DATA(1) allocated [mem 0x284ccc2680-0x284ccecfff]
[    0.012913] crashkernel reserved: 0x0000000019000000 - 0x0000000059000000 (1024 MB)
[    0.013048] Zone ranges:
[    0.013049]   DMA      [mem 0x0000000000001000-0x0000000000ffffff]
[    0.013051]   DMA32    [mem 0x0000000001000000-0x00000000ffffffff]
[    0.013053]   Normal   [mem 0x0000000100000000-0x000000287fffffff]
[    0.013055]   Device   empty
[    0.013056] Movable zone start for each node
[    0.013059] Early memory node ranges
[    0.013060]   node   0: [mem 0x0000000000001000-0x000000000005cfff]
[    0.013062]   node   0: [mem 0x000000000005f000-0x000000000009ffff]
[    0.013063]   node   0: [mem 0x0000000000100000-0x0000000068792fff]
[    0.013065]   node   0: [mem 0x000000006abc0000-0x000000006f7fffff]
[    0.013066]   node   0: [mem 0x0000000100000000-0x000000147fffffff]
[    0.013076]   node   1: [mem 0x0000002840000000-0x000000287fffffff]
[    0.013077] Initmem setup node 0 [mem 0x0000000000001000-0x000000147fffffff]
[    0.013081] Initmem setup node 1 [mem 0x0000002840000000-0x000000287fffffff]
[    0.013085] On node 0, zone DMA: 1 pages in unavailable ranges
[    0.013088] On node 0, zone DMA: 2 pages in unavailable ranges
[    0.013116] On node 0, zone DMA: 96 pages in unavailable ranges
[    0.016144] On node 0, zone DMA32: 9261 pages in unavailable ranges
[    0.150985] On node 0, zone Normal: 2048 pages in unavailable ranges
[    0.154075] ACPI: PM-Timer IO Port: 0x508
[    0.154126] ACPI: X2APIC_NMI (uid[0xffffffff] high level lint[0x1])
[    0.154132] ACPI: LAPIC_NMI (acpi_id[0xff] high level lint[0x1])
[    0.154153] IOAPIC[0]: apic_id 8, version 32, address 0xfec00000, GSI 0-23
[    0.154159] IOAPIC[1]: apic_id 9, version 32, address 0xfec01000, GSI 24-31
[    0.154164] IOAPIC[2]: apic_id 10, version 32, address 0xfec08000, GSI 32-39
[    0.154169] IOAPIC[3]: apic_id 11, version 32, address 0xfec10000, GSI 40-47
[    0.154174] IOAPIC[4]: apic_id 12, version 32, address 0xfec18000, GSI 48-55
[    0.154180] IOAPIC[5]: apic_id 15, version 32, address 0xfec20000, GSI 72-79
[    0.154185] IOAPIC[6]: apic_id 16, version 32, address 0xfec28000, GSI 80-87
[    0.154190] IOAPIC[7]: apic_id 17, version 32, address 0xfec30000, GSI 88-95
[    0.154195] IOAPIC[8]: apic_id 18, version 32, address 0xfec38000, GSI 96-103
[    0.154202] ACPI: INT_SRC_OVR (bus 0 bus_irq 0 global_irq 2 dfl dfl)
[    0.154205] ACPI: INT_SRC_OVR (bus 0 bus_irq 9 global_irq 9 high level)
[    0.154220] ACPI: Using ACPI (MADT) for SMP configuration information
[    0.154221] ACPI: HPET id: 0x8086a701 base: 0xfed00000
[    0.154232] e820: update [mem 0x65549000-0x65591fff] usable ==> reserved
[    0.154253] ACPI: SPCR: SPCR table version 1
[    0.154255] ACPI: SPCR: console: uart,io,0x0,115200
[    0.154257] TSC deadline timer available
[    0.154264] CPU topo: Max. logical packages:   2
[    0.154265] CPU topo: Max. logical dies:       2
[    0.154266] CPU topo: Max. dies per package:   1
[    0.154273] CPU topo: Max. threads per core:   2
[    0.154274] CPU topo: Num. cores per package:    10
[    0.154275] CPU topo: Num. threads per package:  20
[    0.154276] CPU topo: Allowing 40 present CPUs plus 0 hotplug CPUs
[    0.154302] PM: hibernation: Registered nosave memory: [mem 0x00000000-0x00000fff]
[    0.154305] PM: hibernation: Registered nosave memory: [mem 0x0005d000-0x0005efff]
[    0.154308] PM: hibernation: Registered nosave memory: [mem 0x000a0000-0x000fffff]
[    0.154311] PM: hibernation: Registered nosave memory: [mem 0x65549000-0x65591fff]
[    0.154313] PM: hibernation: Registered nosave memory: [mem 0x656ef000-0x656effff]
[    0.154316] PM: hibernation: Registered nosave memory: [mem 0x656f9000-0x656f9fff]
[    0.154317] PM: hibernation: Registered nosave memory: [mem 0x656fa000-0x656fafff]
[    0.154320] PM: hibernation: Registered nosave memory: [mem 0x6571a000-0x6571afff]
[    0.154322] PM: hibernation: Registered nosave memory: [mem 0x66225000-0x66225fff]
[    0.154325] PM: hibernation: Registered nosave memory: [mem 0x66258000-0x66258fff]
[    0.154326] PM: hibernation: Registered nosave memory: [mem 0x66259000-0x66259fff]
[    0.154329] PM: hibernation: Registered nosave memory: [mem 0x6628c000-0x6628cfff]
[    0.154331] PM: hibernation: Registered nosave memory: [mem 0x66462000-0x66462fff]
[    0.154334] PM: hibernation: Registered nosave memory: [mem 0x6646c000-0x6646cfff]
[    0.154336] PM: hibernation: Registered nosave memory: [mem 0x686db000-0x686dbfff]
[    0.154339] PM: hibernation: Registered nosave memory: [mem 0x68793000-0x69f7dfff]
[    0.154340] PM: hibernation: Registered nosave memory: [mem 0x69f7e000-0x6a9adfff]
[    0.154341] PM: hibernation: Registered nosave memory: [mem 0x6a9ae000-0x6abbffff]
[    0.154344] PM: hibernation: Registered nosave memory: [mem 0x6f800000-0x7fffffff]
[    0.154345] PM: hibernation: Registered nosave memory: [mem 0x80000000-0xfdffffff]
[    0.154346] PM: hibernation: Registered nosave memory: [mem 0xfe000000-0xfe010fff]
[    0.154347] PM: hibernation: Registered nosave memory: [mem 0xfe011000-0xffffffff]
[    0.154350] PM: hibernation: Registered nosave memory: [mem 0x1480000000-0x283fffffff]
[    0.154352] [mem 0x80000000-0xfdffffff] available for PCI devices
[    0.154354] Booting paravirtualized kernel on bare hardware
[    0.154357] clocksource: refined-jiffies: mask: 0xffffffff max_cycles: 0xffffffff, max_idle_ns: 1910969940391419 ns
[    0.154371] setup_percpu: NR_CPUS:8192 nr_cpumask_bits:40 nr_cpu_ids:40 nr_node_ids:2
[    0.158373] percpu: Embedded 88 pages/cpu s237568 r8192 d114688 u524288
[    0.158385] pcpu-alloc: s237568 r8192 d114688 u524288 alloc=1*2097152
[    0.158388] pcpu-alloc: [0] 00 01 02 03 [0] 04 05 06 07 
[    0.158395] pcpu-alloc: [0] 08 09 20 21 [0] 22 23 24 25 
[    0.158401] pcpu-alloc: [0] 26 27 28 29 [1] 10 11 12 13 
[    0.158407] pcpu-alloc: [1] 14 15 16 17 [1] 18 19 30 31 
[    0.158414] pcpu-alloc: [1] 32 33 34 35 [1] 36 37 38 39 
[    0.158453] Kernel command line: BOOT_IMAGE=/boot/vmlinuz-6.12.16-custom+ root=UUID=ace14467-43e4-4018-8e27-3dea88bc4773 ro memmap=79G$82G isolcpus=7,8 console=tty0 earlyprintk=tty0 crashkernel=64G-:1G
[    0.158612] Unknown kernel command line parameters "BOOT_IMAGE=/boot/vmlinuz-6.12.16-custom+", will be passed to user space.
[    0.158623] random: crng init done
[    0.158624] printk: log_buf_len individual max cpu contribution: 4096 bytes
[    0.158625] printk: log_buf_len total cpu_extra contributions: 159744 bytes
[    0.158626] printk: log_buf_len min size: 262144 bytes
[    0.159281] printk: log_buf_len: 524288 bytes
[    0.159283] printk: early log buf free: 242360(92%)
[    0.160275] Fallback order for Node 0: 0 1 
[    0.160279] Fallback order for Node 1: 1 0 
[    0.160286] Built 2 zonelists, mobility grouping on.  Total pages: 21156720
[    0.160288] Policy zone: Normal
[    0.160297] mem auto-init: stack:off, heap alloc:on, heap free:off
[    0.160316] software IO TLB: area num 64.
[    0.424514] SLUB: HWalign=64, Order=0-3, MinObjects=0, CPUs=40, Nodes=2
[    0.424606] Kernel/User page tables isolation: enabled
[    0.424730] ftrace: allocating 58123 entries in 228 pages
[    0.437832] ftrace: allocated 228 pages with 4 groups
[    0.439068] Dynamic Preempt: voluntary
[    0.439414] rcu: Preemptible hierarchical RCU implementation.
[    0.439415] rcu: 	RCU restricting CPUs from NR_CPUS=8192 to nr_cpu_ids=40.
[    0.439417] 	Trampoline variant of Tasks RCU enabled.
[    0.439418] 	Rude variant of Tasks RCU enabled.
[    0.439419] 	Tracing variant of Tasks RCU enabled.
[    0.439420] rcu: RCU calculated value of scheduler-enlistment delay is 100 jiffies.
[    0.439421] rcu: Adjusting geometry for rcu_fanout_leaf=16, nr_cpu_ids=40
[    0.439470] RCU Tasks: Setting shift to 6 and lim to 1 rcu_task_cb_adjust=1 rcu_task_cpu_ids=40.
[    0.439477] RCU Tasks Rude: Setting shift to 6 and lim to 1 rcu_task_cb_adjust=1 rcu_task_cpu_ids=40.
[    0.439482] RCU Tasks Trace: Setting shift to 6 and lim to 1 rcu_task_cb_adjust=1 rcu_task_cpu_ids=40.
[    0.445242] NR_IRQS: 524544, nr_irqs: 2104, preallocated irqs: 16
[    0.445601] rcu: srcu_init: Setting srcu_struct sizes based on contention.
[    0.445847] Console: colour dummy device 80x25
[    0.445851] printk: legacy console [tty0] enabled
[    0.446735] mempolicy: Enabling automatic NUMA balancing. Configure with numa_balancing= or the kernel.numa_balancing sysctl
[    0.446744] ACPI: Core revision 20240827
[    0.447987] clocksource: hpet: mask: 0xffffffff max_cycles: 0xffffffff, max_idle_ns: 79635855245 ns
[    0.448043] APIC: Switch to symmetric I/O mode setup
[    0.448049] DMAR: Host address width 46
[    0.448052] DMAR: DRHD base: 0x000000d37fc000 flags: 0x0
[    0.448065] DMAR: dmar0: reg_base_addr d37fc000 ver 1:0 cap 8d2078c106f0466 ecap f020df
[    0.448072] DMAR: DRHD base: 0x000000e0ffc000 flags: 0x0
[    0.448084] DMAR: dmar1: reg_base_addr e0ffc000 ver 1:0 cap 8d2078c106f0466 ecap f020df
[    0.448090] DMAR: DRHD base: 0x000000ee7fc000 flags: 0x0
[    0.448098] DMAR: dmar2: reg_base_addr ee7fc000 ver 1:0 cap 8d2078c106f0466 ecap f020df
[    0.448104] DMAR: DRHD base: 0x000000fbffc000 flags: 0x0
[    0.448115] DMAR: dmar3: reg_base_addr fbffc000 ver 1:0 cap 8d2078c106f0466 ecap f020df
[    0.448120] DMAR: DRHD base: 0x000000b73fc000 flags: 0x0
[    0.448127] DMAR: dmar4: reg_base_addr b73fc000 ver 1:0 cap 8d2078c106f0466 ecap f020df
[    0.448132] DMAR: DRHD base: 0x000000b77fc000 flags: 0x0
[    0.448141] DMAR: dmar5: reg_base_addr b77fc000 ver 1:0 cap 8d2078c106f0466 ecap f020df
[    0.448146] DMAR: DRHD base: 0x000000c5ffc000 flags: 0x0
[    0.448155] DMAR: dmar6: reg_base_addr c5ffc000 ver 1:0 cap 8d2078c106f0466 ecap f020df
[    0.448160] DMAR: DRHD base: 0x00000093ffc000 flags: 0x1
[    0.448167] DMAR: dmar7: reg_base_addr 93ffc000 ver 1:0 cap 8d2078c106f0466 ecap f020df
[    0.448172] DMAR: RMRR base: 0x0000006a342000 end: 0x0000006a344fff
[    0.448177] DMAR: ATSR flags: 0x0
[    0.448185] DMAR: ATSR flags: 0x0
[    0.448190] DMAR-IR: IOAPIC id 12 under DRHD base  0xc5ffc000 IOMMU 6
[    0.448194] DMAR-IR: IOAPIC id 11 under DRHD base  0xb77fc000 IOMMU 5
[    0.448198] DMAR-IR: IOAPIC id 10 under DRHD base  0xb73fc000 IOMMU 4
[    0.448202] DMAR-IR: IOAPIC id 18 under DRHD base  0xfbffc000 IOMMU 3
[    0.448206] DMAR-IR: IOAPIC id 17 under DRHD base  0xee7fc000 IOMMU 2
[    0.448210] DMAR-IR: IOAPIC id 16 under DRHD base  0xe0ffc000 IOMMU 1
[    0.448215] DMAR-IR: IOAPIC id 15 under DRHD base  0xd37fc000 IOMMU 0
[    0.448219] DMAR-IR: IOAPIC id 8 under DRHD base  0x93ffc000 IOMMU 7
[    0.448223] DMAR-IR: IOAPIC id 9 under DRHD base  0x93ffc000 IOMMU 7
[    0.448227] DMAR-IR: HPET id 0 under DRHD base 0x93ffc000
[    0.448231] DMAR-IR: x2apic is disabled because BIOS sets x2apic opt out bit.
[    0.448232] DMAR-IR: Use 'intremap=no_x2apic_optout' to override the BIOS setting.
[    0.450925] DMAR-IR: Enabled IRQ remapping in xapic mode
[    0.450931] x2apic: IRQ remapping doesn't support X2APIC mode
[    0.451954] ..TIMER: vector=0x30 apic1=0 pin1=2 apic2=-1 pin2=-1
[    0.456004] clocksource: tsc-early: mask: 0xffffffffffffffff max_cycles: 0x1fb633008a4, max_idle_ns: 440795292230 ns
[    0.456016] Calibrating delay loop (skipped), value calculated using timer frequency.. 4400.00 BogoMIPS (lpj=2200000)
[    0.456053] CPU0: Thermal monitoring enabled (TM1)
[    0.456173] Last level iTLB entries: 4KB 64, 2MB 8, 4MB 8
[    0.456177] Last level dTLB entries: 4KB 64, 2MB 0, 4MB 0, 1GB 4
[    0.456186] process: using mwait in idle threads
[    0.456193] Spectre V1 : Mitigation: usercopy/swapgs barriers and __user pointer sanitization
[    0.456199] Spectre V2 : Mitigation: IBRS
[    0.456203] Spectre V2 : Spectre v2 / SpectreRSB mitigation: Filling RSB on context switch
[    0.456207] Spectre V2 : Spectre v2 / SpectreRSB : Filling RSB on VMEXIT
[    0.456211] RETBleed: Mitigation: IBRS
[    0.456216] Spectre V2 : mitigation: Enabling conditional Indirect Branch Prediction Barrier
[    0.456221] Spectre V2 : User space: Mitigation: STIBP via prctl
[    0.456228] Speculative Store Bypass: Mitigation: Speculative Store Bypass disabled via prctl
[    0.456242] MDS: Mitigation: Clear CPU buffers
[    0.456247] TAA: Mitigation: Clear CPU buffers
[    0.456252] MMIO Stale Data: Mitigation: Clear CPU buffers
[    0.456267] GDS: Mitigation: Microcode
[    0.456279] x86/fpu: Supporting XSAVE feature 0x001: 'x87 floating point registers'
[    0.456287] x86/fpu: Supporting XSAVE feature 0x002: 'SSE registers'
[    0.456293] x86/fpu: Supporting XSAVE feature 0x004: 'AVX registers'
[    0.456299] x86/fpu: Supporting XSAVE feature 0x008: 'MPX bounds registers'
[    0.456305] x86/fpu: Supporting XSAVE feature 0x010: 'MPX CSR'
[    0.456311] x86/fpu: Supporting XSAVE feature 0x020: 'AVX-512 opmask'
[    0.456317] x86/fpu: Supporting XSAVE feature 0x040: 'AVX-512 Hi256'
[    0.456323] x86/fpu: Supporting XSAVE feature 0x080: 'AVX-512 ZMM_Hi256'
[    0.456329] x86/fpu: Supporting XSAVE feature 0x200: 'Protection Keys User registers'
[    0.456336] x86/fpu: xstate_offset[2]:  576, xstate_sizes[2]:  256
[    0.456343] x86/fpu: xstate_offset[3]:  832, xstate_sizes[3]:   64
[    0.456350] x86/fpu: xstate_offset[4]:  896, xstate_sizes[4]:   64
[    0.456356] x86/fpu: xstate_offset[5]:  960, xstate_sizes[5]:   64
[    0.456362] x86/fpu: xstate_offset[6]: 1024, xstate_sizes[6]:  512
[    0.456368] x86/fpu: xstate_offset[7]: 1536, xstate_sizes[7]: 1024
[    0.456375] x86/fpu: xstate_offset[9]: 2560, xstate_sizes[9]:    8
[    0.456381] x86/fpu: Enabled xstate features 0x2ff, context size is 2568 bytes, using 'compacted' format.
[    0.509935] Freeing SMP alternatives memory: 44K
[    0.509945] pid_max: default: 40960 minimum: 320
[    0.515793] LSM: initializing lsm=lockdown,capability,landlock,yama,apparmor,ima,evm
[    0.515912] landlock: Up and running.
[    0.515916] Yama: becoming mindful.
[    0.516071] AppArmor: AppArmor initialized
[    0.532107] Dentry cache hash table entries: 8388608 (order: 14, 67108864 bytes, vmalloc hugepage)
[    0.540087] Inode-cache hash table entries: 4194304 (order: 13, 33554432 bytes, vmalloc hugepage)
[    0.540435] Mount-cache hash table entries: 131072 (order: 8, 1048576 bytes, vmalloc)
[    0.540717] Mountpoint-cache hash table entries: 131072 (order: 8, 1048576 bytes, vmalloc)
[    0.542052] smpboot: CPU0: Intel(R) Xeon(R) Silver 4114 CPU @ 2.20GHz (family: 0x6, model: 0x55, stepping: 0x4)
[    0.546227] Performance Events: PEBS fmt3+, Skylake events, 32-deep LBR, full-width counters, Intel PMU driver.
[    0.546353] ... version:                4
[    0.546365] ... bit width:              48
[    0.546376] ... generic registers:      4
[    0.546387] ... value mask:             0000ffffffffffff
[    0.546400] ... max period:             00007fffffffffff
[    0.546413] ... fixed-purpose events:   3
[    0.546423] ... event mask:             000000070000000f
[    0.546812] signal: max sigframe size: 3632
[    0.546837] Estimated ratio of average max frequency by base frequency (times 1024): 1303
[    0.550065] rcu: Hierarchical SRCU implementation.
[    0.550071] rcu: 	Max phase no-delay instances is 400.
[    0.550157] Timer migration: 3 hierarchy levels; 8 children per group; 2 crossnode level
[    0.555075] NMI watchdog: Enabled. Permanently consumes one hw-PMU counter.
[    0.556026] smp: Bringing up secondary CPUs ...
[    0.560073] smpboot: x86: Booting SMP configuration:
[    0.560079] .... node  #0, CPUs:        #1  #2  #3  #4  #5  #6  #7  #8  #9
[    0.571096] .... node  #1, CPUs:   #10 #11 #12 #13 #14 #15 #16 #17 #18 #19
[    0.588126] .... node  #0, CPUs:   #20 #21 #22 #23 #24 #25 #26 #27 #28 #29
[    0.599109] .... node  #1, CPUs:   #30 #31 #32 #33 #34 #35 #36 #37 #38 #39
[    0.613105] MDS CPU bug present and SMT on, data leak possible. See https://www.kernel.org/doc/html/latest/admin-guide/hw-vuln/mds.html for more details.
[    0.613105] TAA CPU bug present and SMT on, data leak possible. See https://www.kernel.org/doc/html/latest/admin-guide/hw-vuln/tsx_async_abort.html for more details.
[    0.613105] MMIO Stale Data CPU bug present and SMT on, data leak possible. See https://www.kernel.org/doc/html/latest/admin-guide/hw-vuln/processor_mmio_stale_data.html for more details.
[    0.618129] smp: Brought up 2 nodes, 40 CPUs
[    0.618129] smpboot: Total of 40 processors activated (176000.00 BogoMIPS)
[    0.621188] Memory: 81117300K/84626880K available (20480K kernel code, 4577K rwdata, 14480K rodata, 5068K init, 4504K bss, 3346588K reserved, 0K cma-reserved)
[    0.624492] devtmpfs: initialized
[    0.624492] x86/mm: Memory block size: 2048MB
[    0.627557] ACPI: PM: Registering ACPI NVS region [mem 0x69f7e000-0x6a9adfff] (10682368 bytes)
[    0.627557] clocksource: jiffies: mask: 0xffffffff max_cycles: 0xffffffff, max_idle_ns: 1911260446275000 ns
[    0.628267] futex hash table entries: 16384 (order: 8, 1048576 bytes, vmalloc)
[    0.628525] pinctrl core: initialized pinctrl subsystem
[    0.628687] PM: RTC time: 09:53:11, date: 2025-06-10
[    0.630711] NET: Registered PF_NETLINK/PF_ROUTE protocol family
[    0.632228] DMA: preallocated 4096 KiB GFP_KERNEL pool for atomic allocations
[    0.632975] DMA: preallocated 4096 KiB GFP_KERNEL|GFP_DMA pool for atomic allocations
[    0.633733] DMA: preallocated 4096 KiB GFP_KERNEL|GFP_DMA32 pool for atomic allocations
[    0.633759] audit: initializing netlink subsys (disabled)
[    0.633790] audit: type=2000 audit(1749549190.185:1): state=initialized audit_enabled=0 res=1
[    0.634161] thermal_sys: Registered thermal governor 'fair_share'
[    0.634165] thermal_sys: Registered thermal governor 'bang_bang'
[    0.634174] thermal_sys: Registered thermal governor 'step_wise'
[    0.634179] thermal_sys: Registered thermal governor 'user_space'
[    0.634184] thermal_sys: Registered thermal governor 'power_allocator'
[    0.634203] EISA bus registered
[    0.634229] cpuidle: using governor ladder
[    0.634264] cpuidle: using governor menu
[    0.634317] Detected 1 PCC Subspaces
[    0.634321] Registering PCC driver as Mailbox controller
[    0.634478] ACPI FADT declares the system doesn't support PCIe ASPM, so disable it
[    0.634478] acpiphp: ACPI Hot Plug PCI Controller Driver version: 0.5
[    0.634478] PCI: ECAM [mem 0x80000000-0x8fffffff] (base 0x80000000) for domain 0000 [bus 00-ff]
[    0.634478] PCI: Using configuration type 1 for base access
[    0.635339] kprobes: kprobe jump-optimization is enabled. All kprobes are optimized if possible.
[    0.636064] HugeTLB: registered 1.00 GiB page size, pre-allocated 0 pages
[    0.636064] HugeTLB: 16380 KiB vmemmap can be freed for a 1.00 GiB page
[    0.636064] HugeTLB: registered 2.00 MiB page size, pre-allocated 0 pages
[    0.636064] HugeTLB: 28 KiB vmemmap can be freed for a 2.00 MiB page
[    0.637177] fbcon: Taking over console
[    0.637251] ACPI: Added _OSI(Module Device)
[    0.637253] ACPI: Added _OSI(Processor Device)
[    0.637255] ACPI: Added _OSI(3.0 _SCP Extensions)
[    0.637256] ACPI: Added _OSI(Processor Aggregator Device)
[    0.812760] ACPI: 4 ACPI AML tables successfully acquired and loaded
[    0.824274] ACPI: [Firmware Bug]: BIOS _OSI(Linux) query ignored
[    0.834735] ACPI: Dynamic OEM Table Load:
[    0.887081] ACPI: Dynamic OEM Table Load:
[    0.913559] ACPI: Dynamic OEM Table Load:
[    1.228163] ACPI: EC: EC started
[    1.228170] ACPI: EC: interrupt blocked
[    1.234052] ACPI: EC: EC_CMD/EC_SC=0x66, EC_DATA=0x62
[    1.234061] ACPI: \_SB_.PC00.LPC0.EC0_: Boot DSDT EC used to handle transactions
[    1.234068] ACPI: Interpreter enabled
[    1.234097] ACPI: PM: (supports S0 S3 S4 S5)
[    1.234102] ACPI: Using IOAPIC for interrupt routing
[    1.245829] HEST: Table parsing has been initialized.
[    1.246030] GHES: APEI firmware first mode is enabled by APEI bit and WHEA _OSC.
[    1.246039] PCI: Using host bridge windows from ACPI; if necessary, use "pci=nocrs" and report a bug
[    1.246047] PCI: Using E820 reservations for host bridge windows
[    1.247866] ACPI: Enabled 7 GPEs in block 00 to 7F
[    1.302509] ACPI: \_SB_.PC00.RP17.WRST: New power resource
[    1.310993] ACPI: \_SB_.PC00.RP13.WRST: New power resource
[    1.318474] ACPI: \_SB_.PC01.BR1A.WRST: New power resource
[    1.318840] ACPI: \_SB_.PC01.BR1D.WRST: New power resource
[    1.319782] ACPI: \_SB_.PC02.BR2A.WRST: New power resource
[    1.319947] ACPI: \_SB_.PC02.BR2B.WRST: New power resource
[    1.320795] ACPI: \_SB_.PC03.BR3A.WRST: New power resource
[    1.322933] ACPI: \_SB_.PC07.QR1A.WRST: New power resource
[    1.324155] ACPI: \_SB_.PC08.QR2A.WRST: New power resource
[    1.325278] ACPI: \_SB_.PC09.QR3C.WRST: New power resource
[    1.359638] ACPI: PCI Root Bridge [PC00] (domain 0000 [bus 00-13])
[    1.359653] acpi PNP0A08:00: _OSC: OS supports [ExtendedConfig ASPM ClockPM Segments MSI EDR HPX-Type3]
[    1.359779] acpi PNP0A08:00: _OSC: platform does not support [PCIeHotplug SHPCHotplug PME AER LTR DPC]
[    1.359995] acpi PNP0A08:00: _OSC: OS now controls [PCIeCapability]
[    1.360002] acpi PNP0A08:00: FADT indicates ASPM is unsupported, using BIOS configuration
[    1.363418] PCI host bridge to bus 0000:00
[    1.363428] pci_bus 0000:00: root bus resource [io  0x0000-0x0cf7 window]
[    1.363435] pci_bus 0000:00: root bus resource [io  0x1000-0x3fff window]
[    1.363442] pci_bus 0000:00: root bus resource [mem 0x000c4000-0x000c7fff window]
[    1.363450] pci_bus 0000:00: root bus resource [mem 0xfe010000-0xfe010fff window]
[    1.363457] pci_bus 0000:00: root bus resource [mem 0x90000000-0x93ffffff window]
[    1.363464] pci_bus 0000:00: root bus resource [mem 0x380000000000-0x383fffffffff window]
[    1.363472] pci_bus 0000:00: root bus resource [bus 00-13]
[    1.363511] pci 0000:00:00.0: [8086:2020] type 00 class 0x060000 PCIe Root Port
[    1.363741] pci 0000:00:04.0: [8086:2021] type 00 class 0x088000 PCIe Root Complex Integrated Endpoint
[    1.363771] pci 0000:00:04.0: BAR 0 [mem 0x383fffa40000-0x383fffa43fff 64bit]
[    1.363932] pci 0000:00:04.1: [8086:2021] type 00 class 0x088000 PCIe Root Complex Integrated Endpoint
[    1.363962] pci 0000:00:04.1: BAR 0 [mem 0x383fffa3c000-0x383fffa3ffff 64bit]
[    1.364120] pci 0000:00:04.2: [8086:2021] type 00 class 0x088000 PCIe Root Complex Integrated Endpoint
[    1.364150] pci 0000:00:04.2: BAR 0 [mem 0x383fffa38000-0x383fffa3bfff 64bit]
[    1.364307] pci 0000:00:04.3: [8086:2021] type 00 class 0x088000 PCIe Root Complex Integrated Endpoint
[    1.364336] pci 0000:00:04.3: BAR 0 [mem 0x383fffa34000-0x383fffa37fff 64bit]
[    1.364491] pci 0000:00:04.4: [8086:2021] type 00 class 0x088000 PCIe Root Complex Integrated Endpoint
[    1.364520] pci 0000:00:04.4: BAR 0 [mem 0x383fffa30000-0x383fffa33fff 64bit]
[    1.364676] pci 0000:00:04.5: [8086:2021] type 00 class 0x088000 PCIe Root Complex Integrated Endpoint
[    1.364705] pci 0000:00:04.5: BAR 0 [mem 0x383fffa2c000-0x383fffa2ffff 64bit]
[    1.364859] pci 0000:00:04.6: [8086:2021] type 00 class 0x088000 PCIe Root Complex Integrated Endpoint
[    1.364887] pci 0000:00:04.6: BAR 0 [mem 0x383fffa28000-0x383fffa2bfff 64bit]
[    1.365048] pci 0000:00:04.7: [8086:2021] type 00 class 0x088000 PCIe Root Complex Integrated Endpoint
[    1.365077] pci 0000:00:04.7: BAR 0 [mem 0x383fffa24000-0x383fffa27fff 64bit]
[    1.365231] pci 0000:00:05.0: [8086:2024] type 00 class 0x088000 PCIe Root Complex Integrated Endpoint
[    1.365396] pci 0000:00:05.2: [8086:2025] type 00 class 0x088000 PCIe Root Complex Integrated Endpoint
[    1.365533] pci 0000:00:05.4: [8086:2026] type 00 class 0x080020 PCIe Root Complex Integrated Endpoint
[    1.365561] pci 0000:00:05.4: BAR 0 [mem 0x9032a000-0x9032afff]
[    1.365723] pci 0000:00:08.0: [8086:2014] type 00 class 0x088000 PCIe Root Complex Integrated Endpoint
[    1.365873] pci 0000:00:08.1: [8086:2015] type 00 class 0x110100 conventional PCI endpoint
[    1.365984] pci 0000:00:08.2: [8086:2016] type 00 class 0x088000 PCIe Root Complex Integrated Endpoint
[    1.366122] pci 0000:00:11.0: [8086:a1ec] type 00 class 0xff0000 conventional PCI endpoint
[    1.366267] pci 0000:00:11.1: [8086:a1ed] type 00 class 0xff0000 conventional PCI endpoint
[    1.366411] pci 0000:00:11.5: [8086:2827] type 00 class 0x010400 conventional PCI endpoint
[    1.366444] pci 0000:00:11.5: BAR 0 [mem 0x90326000-0x90327fff]
[    1.366465] pci 0000:00:11.5: BAR 1 [mem 0x90329000-0x903290ff]
[    1.366485] pci 0000:00:11.5: BAR 2 [io  0x2068-0x206f]
[    1.366506] pci 0000:00:11.5: BAR 3 [io  0x2074-0x2077]
[    1.366526] pci 0000:00:11.5: BAR 4 [io  0x2040-0x205f]
[    1.366546] pci 0000:00:11.5: BAR 5 [mem 0x90280000-0x902fffff]
[    1.366600] pci 0000:00:11.5: PME# supported from D3hot
[    1.367027] pci 0000:00:14.0: [8086:a1af] type 00 class 0x0c0330 conventional PCI endpoint
[    1.367069] pci 0000:00:14.0: BAR 0 [mem 0x383fffa10000-0x383fffa1ffff 64bit]
[    1.367184] pci 0000:00:14.0: PME# supported from D3hot D3cold
[    1.367644] pci 0000:00:14.2: [8086:a1b1] type 00 class 0x118000 conventional PCI endpoint
[    1.367686] pci 0000:00:14.2: BAR 0 [mem 0x383fffa46000-0x383fffa46fff 64bit]
[    1.367902] pci 0000:00:16.0: [8086:a1ba] type 00 class 0x078000 conventional PCI endpoint
[    1.367949] pci 0000:00:16.0: BAR 0 [mem 0x383fffa45000-0x383fffa45fff 64bit]
[    1.368081] pci 0000:00:16.0: PME# supported from D3hot
[    1.368200] pci 0000:00:17.0: [8086:2826] type 00 class 0x010400 conventional PCI endpoint
[    1.368233] pci 0000:00:17.0: BAR 0 [mem 0x90324000-0x90325fff]
[    1.368253] pci 0000:00:17.0: BAR 1 [mem 0x90328000-0x903280ff]
[    1.368274] pci 0000:00:17.0: BAR 2 [io  0x2060-0x2067]
[    1.368294] pci 0000:00:17.0: BAR 3 [io  0x2070-0x2073]
[    1.368314] pci 0000:00:17.0: BAR 4 [io  0x2020-0x203f]
[    1.368334] pci 0000:00:17.0: BAR 5 [mem 0x90200000-0x9027ffff]
[    1.368387] pci 0000:00:17.0: PME# supported from D3hot
[    1.368805] pci 0000:00:1c.0: [8086:a190] type 01 class 0x060400 PCIe Root Port
[    1.368865] pci 0000:00:1c.0: PCI bridge to [bus 01]
[    1.368944] pci 0000:00:1c.0: PME# supported from D0 D3hot D3cold
[    1.369910] pci 0000:00:1c.4: [8086:a194] type 01 class 0x060400 PCIe Root Port
[    1.369970] pci 0000:00:1c.4: PCI bridge to [bus 02-05]
[    1.369979] pci 0000:00:1c.4:   bridge window [mem 0x90100000-0x901fffff]
[    1.369997] pci 0000:00:1c.4:   bridge window [mem 0x383ffd000000-0x383fff9fffff 64bit pref]
[    1.370057] pci 0000:00:1c.4: PME# supported from D0 D3hot D3cold
[    1.371024] pci 0000:00:1f.0: [8086:a1c2] type 00 class 0x060100 conventional PCI endpoint
[    1.371532] pci 0000:00:1f.2: [8086:a1a1] type 00 class 0x058000 conventional PCI endpoint
[    1.371561] pci 0000:00:1f.2: BAR 0 [mem 0x90320000-0x90323fff]
[    1.371960] pci 0000:00:1f.3: [8086:a1f0] type 00 class 0x040300 PCIe Root Complex Integrated Endpoint
[    1.372002] pci 0000:00:1f.3: BAR 0 [mem 0x383fffa20000-0x383fffa23fff 64bit]
[    1.372049] pci 0000:00:1f.3: BAR 4 [mem 0x383fffa00000-0x383fffa0ffff 64bit]
[    1.372125] pci 0000:00:1f.3: PME# supported from D3hot D3cold
[    1.372717] pci 0000:00:1f.4: [8086:a1a3] type 00 class 0x0c0500 conventional PCI endpoint
[    1.372760] pci 0000:00:1f.4: BAR 0 [mem 0x383fffa44000-0x383fffa440ff 64bit]
[    1.372814] pci 0000:00:1f.4: BAR 4 [io  0x2000-0x201f]
[    1.372946] pci 0000:00:1f.5: [8086:a1a4] type 00 class 0x0c8000 conventional PCI endpoint
[    1.372980] pci 0000:00:1f.5: BAR 0 [mem 0xfe010000-0xfe010fff]
[    1.373192] pci 0000:00:1f.6: [8086:15b9] type 00 class 0x020000 conventional PCI endpoint
[    1.373232] pci 0000:00:1f.6: BAR 0 [mem 0x90300000-0x9031ffff]
[    1.373393] pci 0000:00:1f.6: PME# supported from D0 D3hot D3cold
[    1.373772] pci 0000:00:1c.0: PCI bridge to [bus 01]
[    1.373857] pci 0000:02:00.0: [8086:37c0] type 01 class 0x060400 PCIe Switch Upstream Port
[    1.373901] pci 0000:02:00.0: BAR 0 [mem 0x90100000-0x9011ffff 64bit]
[    1.373923] pci 0000:02:00.0: ROM [mem 0xfff00000-0xffffffff pref]
[    1.373930] pci 0000:02:00.0: PCI bridge to [bus 03-05]
[    1.373955] pci 0000:02:00.0:   bridge window [mem 0x383ffd000000-0x383fff9fffff 64bit pref]
[    1.374026] pci 0000:02:00.0: PME# supported from D0 D3hot D3cold
[    1.374180] pci 0000:00:1c.4: PCI bridge to [bus 02-05]
[    1.374252] pci 0000:03:03.0: [8086:37c5] type 01 class 0x060400 PCIe Switch Downstream Port
[    1.374323] pci 0000:03:03.0: PCI bridge to [bus 04-05]
[    1.374349] pci 0000:03:03.0:   bridge window [mem 0x383ffd000000-0x383fff9fffff 64bit pref]
[    1.374427] pci 0000:03:03.0: PME# supported from D0 D3hot D3cold
[    1.374565] pci 0000:02:00.0: PCI bridge to [bus 03-05]
[    1.374658] pci 0000:04:00.0: [8086:37cc] type 00 class 0x020000 PCIe Endpoint
[    1.374698] pci 0000:04:00.0: BAR 0 [mem 0x383ffe000000-0x383ffeffffff 64bit pref]
[    1.374736] pci 0000:04:00.0: BAR 3 [mem 0x383fff808000-0x383fff80ffff 64bit pref]
[    1.374764] pci 0000:04:00.0: ROM [mem 0xfff80000-0xffffffff pref]
[    1.374867] pci 0000:04:00.0: PME# supported from D0 D3hot D3cold
[    1.374913] pci 0000:04:00.0: VF BAR 0 [mem 0x383fff400000-0x383fff41ffff 64bit pref]
[    1.374921] pci 0000:04:00.0: VF BAR 0 [mem 0x383fff400000-0x383fff7fffff 64bit pref]: contains BAR 0 for 32 VFs
[    1.374944] pci 0000:04:00.0: VF BAR 3 [mem 0x383fff890000-0x383fff893fff 64bit pref]
[    1.374951] pci 0000:04:00.0: VF BAR 3 [mem 0x383fff890000-0x383fff90ffff 64bit pref]: contains BAR 3 for 32 VFs
[    1.375239] pci 0000:04:00.2: [8086:37d1] type 00 class 0x020000 PCIe Endpoint
[    1.375285] pci 0000:04:00.2: BAR 0 [mem 0x383ffd000000-0x383ffdffffff 64bit pref]
[    1.375337] pci 0000:04:00.2: BAR 3 [mem 0x383fff800000-0x383fff807fff 64bit pref]
[    1.375379] pci 0000:04:00.2: ROM [mem 0xfff80000-0xffffffff pref]
[    1.375481] pci 0000:04:00.2: PME# supported from D0 D3hot D3cold
[    1.375527] pci 0000:04:00.2: VF BAR 0 [mem 0x383fff000000-0x383fff01ffff 64bit pref]
[    1.375534] pci 0000:04:00.2: VF BAR 0 [mem 0x383fff000000-0x383fff3fffff 64bit pref]: contains BAR 0 for 32 VFs
[    1.375572] pci 0000:04:00.2: VF BAR 3 [mem 0x383fff810000-0x383fff813fff 64bit pref]
[    1.375579] pci 0000:04:00.2: VF BAR 3 [mem 0x383fff810000-0x383fff88ffff 64bit pref]: contains BAR 3 for 32 VFs
[    1.375864] pci 0000:03:03.0: PCI bridge to [bus 04-05]
[    1.375946] pci_bus 0000:00: on NUMA node 0
[    1.377004] ACPI: PCI: Interrupt link LNKA configured for IRQ 11
[    1.377133] ACPI: PCI: Interrupt link LNKB configured for IRQ 10
[    1.377257] ACPI: PCI: Interrupt link LNKC configured for IRQ 11
[    1.377381] ACPI: PCI: Interrupt link LNKD configured for IRQ 11
[    1.377504] ACPI: PCI: Interrupt link LNKE configured for IRQ 11
[    1.377629] ACPI: PCI: Interrupt link LNKF configured for IRQ 11
[    1.377753] ACPI: PCI: Interrupt link LNKG configured for IRQ 11
[    1.377877] ACPI: PCI: Interrupt link LNKH configured for IRQ 11
[    1.378750] ACPI: PCI Root Bridge [PC01] (domain 0000 [bus 14-1f])
[    1.378761] acpi PNP0A08:01: _OSC: OS supports [ExtendedConfig ASPM ClockPM Segments MSI EDR HPX-Type3]
[    1.379359] acpi PNP0A08:01: _OSC: platform does not support [SHPCHotplug AER LTR DPC]
[    1.379828] acpi PNP0A08:01: _OSC: OS now controls [PCIeHotplug PME PCIeCapability]
[    1.379836] acpi PNP0A08:01: FADT indicates ASPM is unsupported, using BIOS configuration
[    1.380220] PCI host bridge to bus 0000:14
[    1.380228] pci_bus 0000:14: root bus resource [mem 0x000a0000-0x000bffff window]
[    1.380236] pci_bus 0000:14: root bus resource [io  0x4000-0x5fff window]
[    1.380242] pci_bus 0000:14: root bus resource [io  0x03b0-0x03bb window]
[    1.380249] pci_bus 0000:14: root bus resource [io  0x03c0-0x03df window]
[    1.380255] pci_bus 0000:14: root bus resource [mem 0x94000000-0xb73fffff window]
[    1.380262] pci_bus 0000:14: root bus resource [mem 0x384000000000-0x387fffffffff window]
[    1.380269] pci_bus 0000:14: root bus resource [bus 14-1f]
[    1.380297] pci 0000:14:00.0: [8086:2030] type 01 class 0x060400 PCIe Root Port
[    1.380350] pci 0000:14:00.0: PCI bridge to [bus 15]
[    1.380357] pci 0000:14:00.0:   bridge window [io  0x4000-0x4fff]
[    1.380364] pci 0000:14:00.0:   bridge window [mem 0xb2000000-0xb30fffff]
[    1.380380] pci 0000:14:00.0:   bridge window [mem 0xa0000000-0xb1ffffff 64bit pref]
[    1.380430] pci 0000:14:00.0: PME# supported from D0 D3hot D3cold
[    1.380590] pci 0000:14:05.0: [8086:2034] type 00 class 0x088000 PCIe Root Complex Integrated Endpoint
[    1.380727] pci 0000:14:05.2: [8086:2035] type 00 class 0x088000 PCIe Root Complex Integrated Endpoint
[    1.380861] pci 0000:14:05.4: [8086:2036] type 00 class 0x080020 PCIe Root Complex Integrated Endpoint
[    1.380889] pci 0000:14:05.4: BAR 0 [mem 0xb3100000-0xb3100fff]
[    1.381040] pci 0000:14:08.0: [8086:208d] type 00 class 0x088000 conventional PCI endpoint
[    1.381176] pci 0000:14:08.1: [8086:208d] type 00 class 0x088000 conventional PCI endpoint
[    1.381288] pci 0000:14:08.2: [8086:208d] type 00 class 0x088000 conventional PCI endpoint
[    1.381388] pci 0000:14:08.3: [8086:208d] type 00 class 0x088000 conventional PCI endpoint
[    1.381487] pci 0000:14:08.4: [8086:208d] type 00 class 0x088000 conventional PCI endpoint
[    1.381587] pci 0000:14:08.5: [8086:208d] type 00 class 0x088000 conventional PCI endpoint
[    1.381686] pci 0000:14:08.6: [8086:208d] type 00 class 0x088000 conventional PCI endpoint
[    1.381787] pci 0000:14:08.7: [8086:208d] type 00 class 0x088000 conventional PCI endpoint
[    1.381887] pci 0000:14:09.0: [8086:208d] type 00 class 0x088000 conventional PCI endpoint
[    1.382018] pci 0000:14:09.1: [8086:208d] type 00 class 0x088000 conventional PCI endpoint
[    1.382136] pci 0000:14:0e.0: [8086:208e] type 00 class 0x088000 conventional PCI endpoint
[    1.382266] pci 0000:14:0e.1: [8086:208e] type 00 class 0x088000 conventional PCI endpoint
[    1.382367] pci 0000:14:0e.2: [8086:208e] type 00 class 0x088000 conventional PCI endpoint
[    1.382473] pci 0000:14:0e.3: [8086:208e] type 00 class 0x088000 conventional PCI endpoint
[    1.382573] pci 0000:14:0e.4: [8086:208e] type 00 class 0x088000 conventional PCI endpoint
[    1.382671] pci 0000:14:0e.5: [8086:208e] type 00 class 0x088000 conventional PCI endpoint
[    1.382776] pci 0000:14:0e.6: [8086:208e] type 00 class 0x088000 conventional PCI endpoint
[    1.382874] pci 0000:14:0e.7: [8086:208e] type 00 class 0x088000 conventional PCI endpoint
[    1.382984] pci 0000:14:0f.0: [8086:208e] type 00 class 0x088000 conventional PCI endpoint
[    1.383115] pci 0000:14:0f.1: [8086:208e] type 00 class 0x088000 conventional PCI endpoint
[    1.383229] pci 0000:14:1d.0: [8086:2054] type 00 class 0x088000 conventional PCI endpoint
[    1.383359] pci 0000:14:1d.1: [8086:2055] type 00 class 0x088000 conventional PCI endpoint
[    1.383459] pci 0000:14:1d.2: [8086:2056] type 00 class 0x088000 conventional PCI endpoint
[    1.383559] pci 0000:14:1d.3: [8086:2057] type 00 class 0x088000 conventional PCI endpoint
[    1.383664] pci 0000:14:1e.0: [8086:2080] type 00 class 0x088000 conventional PCI endpoint
[    1.383794] pci 0000:14:1e.1: [8086:2081] type 00 class 0x088000 conventional PCI endpoint
[    1.383905] pci 0000:14:1e.2: [8086:2082] type 00 class 0x088000 conventional PCI endpoint
[    1.384004] pci 0000:14:1e.3: [8086:2083] type 00 class 0x088000 conventional PCI endpoint
[    1.384104] pci 0000:14:1e.4: [8086:2084] type 00 class 0x088000 conventional PCI endpoint
[    1.384205] pci 0000:14:1e.5: [8086:2085] type 00 class 0x088000 conventional PCI endpoint
[    1.384303] pci 0000:14:1e.6: [8086:2086] type 00 class 0x088000 conventional PCI endpoint
[    1.384451] pci 0000:15:00.0: [10de:1382] type 00 class 0x030000 PCIe Legacy Endpoint
[    1.384482] pci 0000:15:00.0: BAR 0 [mem 0xb2000000-0xb2ffffff]
[    1.384510] pci 0000:15:00.0: BAR 1 [mem 0xa0000000-0xafffffff 64bit pref]
[    1.384538] pci 0000:15:00.0: BAR 3 [mem 0xb0000000-0xb1ffffff 64bit pref]
[    1.384559] pci 0000:15:00.0: BAR 5 [io  0x4000-0x407f]
[    1.384581] pci 0000:15:00.0: ROM [mem 0xfff80000-0xffffffff pref]
[    1.384701] pci 0000:15:00.0: 32.000 Gb/s available PCIe bandwidth, limited by 2.5 GT/s PCIe x16 link at 0000:14:00.0 (capable of 126.016 Gb/s with 8.0 GT/s PCIe x16 link)
[    1.384791] pci 0000:15:00.1: [10de:0fbc] type 00 class 0x040300 PCIe Endpoint
[    1.384816] pci 0000:15:00.1: BAR 0 [mem 0xb3000000-0xb3003fff]
[    1.384992] pci 0000:14:00.0: PCI bridge to [bus 15]
[    1.385021] pci_bus 0000:14: on NUMA node 0
[    1.385377] ACPI: PCI Root Bridge [PC02] (domain 0000 [bus 20-2b])
[    1.385387] acpi PNP0A08:02: _OSC: OS supports [ExtendedConfig ASPM ClockPM Segments MSI EDR HPX-Type3]
[    1.385971] acpi PNP0A08:02: _OSC: platform does not support [SHPCHotplug AER LTR DPC]
[    1.386420] acpi PNP0A08:02: _OSC: OS now controls [PCIeHotplug PME PCIeCapability]
[    1.386428] acpi PNP0A08:02: FADT indicates ASPM is unsupported, using BIOS configuration
[    1.386731] PCI host bridge to bus 0000:20
[    1.386739] pci_bus 0000:20: root bus resource [io  0x6000-0x7fff window]
[    1.386746] pci_bus 0000:20: root bus resource [mem 0xb7400000-0xb77fffff window]
[    1.386753] pci_bus 0000:20: root bus resource [mem 0x388000000000-0x38bfffffffff window]
[    1.386761] pci_bus 0000:20: root bus resource [bus 20-2b]
[    1.386785] pci 0000:20:00.0: [8086:2030] type 01 class 0x060400 PCIe Root Port
[    1.386837] pci 0000:20:00.0: PCI bridge to [bus 21]
[    1.386901] pci 0000:20:00.0: PME# supported from D0 D3hot D3cold
[    1.387065] pci 0000:20:01.0: [8086:2031] type 01 class 0x060400 PCIe Root Port
[    1.387117] pci 0000:20:01.0: PCI bridge to [bus 22]
[    1.387177] pci 0000:20:01.0: PME# supported from D0 D3hot D3cold
[    1.387324] pci 0000:20:02.0: [8086:2032] type 01 class 0x060400 PCIe Root Port
[    1.387376] pci 0000:20:02.0: PCI bridge to [bus 23]
[    1.387435] pci 0000:20:02.0: PME# supported from D0 D3hot D3cold
[    1.387576] pci 0000:20:05.0: [8086:2034] type 00 class 0x088000 PCIe Root Complex Integrated Endpoint
[    1.387708] pci 0000:20:05.2: [8086:2035] type 00 class 0x088000 PCIe Root Complex Integrated Endpoint
[    1.387840] pci 0000:20:05.4: [8086:2036] type 00 class 0x080020 PCIe Root Complex Integrated Endpoint
[    1.387868] pci 0000:20:05.4: BAR 0 [mem 0xb7400000-0xb7400fff]
[    1.388021] pci 0000:20:08.0: [8086:2066] type 00 class 0x088000 PCIe Root Complex Integrated Endpoint
[    1.388174] pci 0000:20:09.0: [8086:2066] type 00 class 0x088000 PCIe Root Complex Integrated Endpoint
[    1.388326] pci 0000:20:0a.0: [8086:2040] type 00 class 0x088000 PCIe Root Complex Integrated Endpoint
[    1.388481] pci 0000:20:0a.1: [8086:2041] type 00 class 0x088000 PCIe Root Complex Integrated Endpoint
[    1.388604] pci 0000:20:0a.2: [8086:2042] type 00 class 0x088000 PCIe Root Complex Integrated Endpoint
[    1.388723] pci 0000:20:0a.3: [8086:2043] type 00 class 0x088000 PCIe Root Complex Integrated Endpoint
[    1.388842] pci 0000:20:0a.4: [8086:2044] type 00 class 0x088000 PCIe Root Complex Integrated Endpoint
[    1.388966] pci 0000:20:0a.5: [8086:2045] type 00 class 0x088000 PCIe Root Complex Integrated Endpoint
[    1.389084] pci 0000:20:0a.6: [8086:2046] type 00 class 0x088000 PCIe Root Complex Integrated Endpoint
[    1.389204] pci 0000:20:0a.7: [8086:2047] type 00 class 0x088000 PCIe Root Complex Integrated Endpoint
[    1.389323] pci 0000:20:0b.0: [8086:2048] type 00 class 0x088000 PCIe Root Complex Integrated Endpoint
[    1.389478] pci 0000:20:0b.1: [8086:2049] type 00 class 0x088000 PCIe Root Complex Integrated Endpoint
[    1.389600] pci 0000:20:0b.2: [8086:204a] type 00 class 0x088000 PCIe Root Complex Integrated Endpoint
[    1.389718] pci 0000:20:0b.3: [8086:204b] type 00 class 0x088000 PCIe Root Complex Integrated Endpoint
[    1.389840] pci 0000:20:0c.0: [8086:2040] type 00 class 0x088000 PCIe Root Complex Integrated Endpoint
[    1.389991] pci 0000:20:0c.1: [8086:2041] type 00 class 0x088000 PCIe Root Complex Integrated Endpoint
[    1.390111] pci 0000:20:0c.2: [8086:2042] type 00 class 0x088000 PCIe Root Complex Integrated Endpoint
[    1.390231] pci 0000:20:0c.3: [8086:2043] type 00 class 0x088000 PCIe Root Complex Integrated Endpoint
[    1.390351] pci 0000:20:0c.4: [8086:2044] type 00 class 0x088000 PCIe Root Complex Integrated Endpoint
[    1.390480] pci 0000:20:0c.5: [8086:2045] type 00 class 0x088000 PCIe Root Complex Integrated Endpoint
[    1.390603] pci 0000:20:0c.6: [8086:2046] type 00 class 0x088000 PCIe Root Complex Integrated Endpoint
[    1.390723] pci 0000:20:0c.7: [8086:2047] type 00 class 0x088000 PCIe Root Complex Integrated Endpoint
[    1.390845] pci 0000:20:0d.0: [8086:2048] type 00 class 0x088000 PCIe Root Complex Integrated Endpoint
[    1.390995] pci 0000:20:0d.1: [8086:2049] type 00 class 0x088000 PCIe Root Complex Integrated Endpoint
[    1.391114] pci 0000:20:0d.2: [8086:204a] type 00 class 0x088000 PCIe Root Complex Integrated Endpoint
[    1.391237] pci 0000:20:0d.3: [8086:204b] type 00 class 0x088000 PCIe Root Complex Integrated Endpoint
[    1.391404] pci 0000:20:00.0: PCI bridge to [bus 21]
[    1.391454] pci 0000:20:01.0: PCI bridge to [bus 22]
[    1.391505] pci 0000:20:02.0: PCI bridge to [bus 23]
[    1.391560] pci_bus 0000:20: on NUMA node 0
[    1.391890] ACPI: PCI Root Bridge [PC03] (domain 0000 [bus 2c-7f])
[    1.391900] acpi PNP0A08:03: _OSC: OS supports [ExtendedConfig ASPM ClockPM Segments MSI EDR HPX-Type3]
[    1.392462] acpi PNP0A08:03: _OSC: platform does not support [SHPCHotplug AER LTR DPC]
[    1.392908] acpi PNP0A08:03: _OSC: OS now controls [PCIeHotplug PME PCIeCapability]
[    1.392916] acpi PNP0A08:03: FADT indicates ASPM is unsupported, using BIOS configuration
[    1.393248] PCI host bridge to bus 0000:2c
[    1.393256] pci_bus 0000:2c: root bus resource [io  0x8000-0x9fff window]
[    1.393263] pci_bus 0000:2c: root bus resource [mem 0xb7800000-0xc5ffffff window]
[    1.393271] pci_bus 0000:2c: root bus resource [mem 0x38c000000000-0x38ffffffffff window]
[    1.393278] pci_bus 0000:2c: root bus resource [bus 2c-7f]
[    1.393303] pci 0000:2c:00.0: [8086:2030] type 01 class 0x060400 PCIe Root Port
[    1.393356] pci 0000:2c:00.0: PCI bridge to [bus 2d]
[    1.393365] pci 0000:2c:00.0:   bridge window [mem 0xb7800000-0xb78fffff]
[    1.393425] pci 0000:2c:00.0: PME# supported from D0 D3hot D3cold
[    1.393590] pci 0000:2c:05.0: [8086:2034] type 00 class 0x088000 PCIe Root Complex Integrated Endpoint
[    1.393727] pci 0000:2c:05.2: [8086:2035] type 00 class 0x088000 PCIe Root Complex Integrated Endpoint
[    1.393860] pci 0000:2c:05.4: [8086:2036] type 00 class 0x080020 PCIe Root Complex Integrated Endpoint
[    1.393887] pci 0000:2c:05.4: BAR 0 [mem 0xb7900000-0xb7900fff]
[    1.394045] pci 0000:2c:0e.0: [8086:2058] type 00 class 0x110100 PCIe Root Complex Integrated Endpoint
[    1.394196] pci 0000:2c:0e.1: [8086:2059] type 00 class 0x088000 PCIe Root Complex Integrated Endpoint
[    1.394318] pci 0000:2c:0f.0: [8086:2058] type 00 class 0x110100 PCIe Root Complex Integrated Endpoint
[    1.394466] pci 0000:2c:0f.1: [8086:2059] type 00 class 0x088000 PCIe Root Complex Integrated Endpoint
[    1.394592] pci 0000:2c:12.0: [8086:204c] type 00 class 0x110100 PCIe Root Complex Integrated Endpoint
[    1.394747] pci 0000:2c:12.1: [8086:204d] type 00 class 0x110100 conventional PCI endpoint
[    1.394847] pci 0000:2c:12.2: [8086:204e] type 00 class 0x088000 conventional PCI endpoint
[    1.394951] pci 0000:2c:15.0: [8086:2018] type 00 class 0x088000 conventional PCI endpoint
[    1.395086] pci 0000:2c:16.0: [8086:2018] type 00 class 0x088000 conventional PCI endpoint
[    1.395224] pci 0000:2c:16.4: [8086:2018] type 00 class 0x088000 conventional PCI endpoint
[    1.395376] pci 0000:2d:00.0: [1179:0110] type 00 class 0x010802 PCIe Endpoint
[    1.395414] pci 0000:2d:00.0: BAR 0 [mem 0xb7800000-0xb7807fff 64bit]
[    1.395490] pci 0000:2d:00.0: ROM [mem 0xffff0000-0xffffffff pref]
[    1.395649] pci 0000:2c:00.0: PCI bridge to [bus 2d]
[    1.395679] pci_bus 0000:2c: on NUMA node 0
[    1.396082] ACPI: PCI Root Bridge [PC06] (domain 0000 [bus 80-8b])
[    1.396092] acpi PNP0A08:06: _OSC: OS supports [ExtendedConfig ASPM ClockPM Segments MSI EDR HPX-Type3]
[    1.396384] acpi PNP0A08:06: _OSC: platform does not support [SHPCHotplug AER LTR DPC]
[    1.396722] acpi PNP0A08:06: _OSC: OS now controls [PCIeHotplug PME PCIeCapability]
[    1.396730] acpi PNP0A08:06: FADT indicates ASPM is unsupported, using BIOS configuration
[    1.396797] acpi PNP0A08:06: host bridge window [io  0x0000 window] (ignored, not CPU addressable)
[    1.397018] PCI host bridge to bus 0000:80
[    1.397047] pci_bus 0000:80: root bus resource [mem 0xc6000000-0xd37fffff window]
[    1.397055] pci_bus 0000:80: root bus resource [mem 0x390000000000-0x393fffffffff window]
[    1.397062] pci_bus 0000:80: root bus resource [bus 80-8b]
[    1.397084] pci 0000:80:04.0: [8086:2021] type 00 class 0x088000 PCIe Root Complex Integrated Endpoint
[    1.397114] pci 0000:80:04.0: BAR 0 [mem 0x393ffff1c000-0x393ffff1ffff 64bit]
[    1.397278] pci 0000:80:04.1: [8086:2021] type 00 class 0x088000 PCIe Root Complex Integrated Endpoint
[    1.397308] pci 0000:80:04.1: BAR 0 [mem 0x393ffff18000-0x393ffff1bfff 64bit]
[    1.397470] pci 0000:80:04.2: [8086:2021] type 00 class 0x088000 PCIe Root Complex Integrated Endpoint
[    1.397500] pci 0000:80:04.2: BAR 0 [mem 0x393ffff14000-0x393ffff17fff 64bit]
[    1.397654] pci 0000:80:04.3: [8086:2021] type 00 class 0x088000 PCIe Root Complex Integrated Endpoint
[    1.397684] pci 0000:80:04.3: BAR 0 [mem 0x393ffff10000-0x393ffff13fff 64bit]
[    1.397839] pci 0000:80:04.4: [8086:2021] type 00 class 0x088000 PCIe Root Complex Integrated Endpoint
[    1.397869] pci 0000:80:04.4: BAR 0 [mem 0x393ffff0c000-0x393ffff0ffff 64bit]
[    1.398021] pci 0000:80:04.5: [8086:2021] type 00 class 0x088000 PCIe Root Complex Integrated Endpoint
[    1.398051] pci 0000:80:04.5: BAR 0 [mem 0x393ffff08000-0x393ffff0bfff 64bit]
[    1.398202] pci 0000:80:04.6: [8086:2021] type 00 class 0x088000 PCIe Root Complex Integrated Endpoint
[    1.398232] pci 0000:80:04.6: BAR 0 [mem 0x393ffff04000-0x393ffff07fff 64bit]
[    1.398385] pci 0000:80:04.7: [8086:2021] type 00 class 0x088000 PCIe Root Complex Integrated Endpoint
[    1.398414] pci 0000:80:04.7: BAR 0 [mem 0x393ffff00000-0x393ffff03fff 64bit]
[    1.398566] pci 0000:80:05.0: [8086:2024] type 00 class 0x088000 PCIe Root Complex Integrated Endpoint
[    1.398730] pci 0000:80:05.2: [8086:2025] type 00 class 0x088000 PCIe Root Complex Integrated Endpoint
[    1.398875] pci 0000:80:05.4: [8086:2026] type 00 class 0x080020 PCIe Root Complex Integrated Endpoint
[    1.398903] pci 0000:80:05.4: BAR 0 [mem 0xc6000000-0xc6000fff]
[    1.399061] pci 0000:80:08.0: [8086:2014] type 00 class 0x088000 PCIe Root Complex Integrated Endpoint
[    1.399208] pci 0000:80:08.1: [8086:2015] type 00 class 0x110100 conventional PCI endpoint
[    1.399313] pci 0000:80:08.2: [8086:2016] type 00 class 0x088000 PCIe Root Complex Integrated Endpoint
[    1.399445] pci_bus 0000:80: on NUMA node 1
[    1.399645] ACPI: PCI Root Bridge [PC07] (domain 0000 [bus 8c-97])
[    1.399656] acpi PNP0A08:07: _OSC: OS supports [ExtendedConfig ASPM ClockPM Segments MSI EDR HPX-Type3]
[    1.400230] acpi PNP0A08:07: _OSC: platform does not support [SHPCHotplug AER LTR DPC]
[    1.400680] acpi PNP0A08:07: _OSC: OS now controls [PCIeHotplug PME PCIeCapability]
[    1.400687] acpi PNP0A08:07: FADT indicates ASPM is unsupported, using BIOS configuration
[    1.401114] PCI host bridge to bus 0000:8c
[    1.401122] pci_bus 0000:8c: root bus resource [io  0xa000-0xbfff window]
[    1.401129] pci_bus 0000:8c: root bus resource [mem 0xd3800000-0xe0ffffff window]
[    1.401137] pci_bus 0000:8c: root bus resource [mem 0x394000000000-0x397fffffffff window]
[    1.401144] pci_bus 0000:8c: root bus resource [bus 8c-97]
[    1.401172] pci 0000:8c:00.0: [8086:2030] type 01 class 0x060400 PCIe Root Port
[    1.401225] pci 0000:8c:00.0: PCI bridge to [bus 8d]
[    1.401294] pci 0000:8c:00.0: PME# supported from D0 D3hot D3cold
[    1.401454] pci 0000:8c:05.0: [8086:2034] type 00 class 0x088000 PCIe Root Complex Integrated Endpoint
[    1.401597] pci 0000:8c:05.2: [8086:2035] type 00 class 0x088000 PCIe Root Complex Integrated Endpoint
[    1.401733] pci 0000:8c:05.4: [8086:2036] type 00 class 0x080020 PCIe Root Complex Integrated Endpoint
[    1.401761] pci 0000:8c:05.4: BAR 0 [mem 0xd3800000-0xd3800fff]
[    1.401924] pci 0000:8c:08.0: [8086:208d] type 00 class 0x088000 conventional PCI endpoint
[    1.402060] pci 0000:8c:08.1: [8086:208d] type 00 class 0x088000 conventional PCI endpoint
[    1.402164] pci 0000:8c:08.2: [8086:208d] type 00 class 0x088000 conventional PCI endpoint
[    1.402265] pci 0000:8c:08.3: [8086:208d] type 00 class 0x088000 conventional PCI endpoint
[    1.402366] pci 0000:8c:08.4: [8086:208d] type 00 class 0x088000 conventional PCI endpoint
[    1.402468] pci 0000:8c:08.5: [8086:208d] type 00 class 0x088000 conventional PCI endpoint
[    1.402570] pci 0000:8c:08.6: [8086:208d] type 00 class 0x088000 conventional PCI endpoint
[    1.402674] pci 0000:8c:08.7: [8086:208d] type 00 class 0x088000 conventional PCI endpoint
[    1.402782] pci 0000:8c:09.0: [8086:208d] type 00 class 0x088000 conventional PCI endpoint
[    1.402916] pci 0000:8c:09.1: [8086:208d] type 00 class 0x088000 conventional PCI endpoint
[    1.403027] pci 0000:8c:0e.0: [8086:208e] type 00 class 0x088000 conventional PCI endpoint
[    1.403160] pci 0000:8c:0e.1: [8086:208e] type 00 class 0x088000 conventional PCI endpoint
[    1.403261] pci 0000:8c:0e.2: [8086:208e] type 00 class 0x088000 conventional PCI endpoint
[    1.403362] pci 0000:8c:0e.3: [8086:208e] type 00 class 0x088000 conventional PCI endpoint
[    1.403468] pci 0000:8c:0e.4: [8086:208e] type 00 class 0x088000 conventional PCI endpoint
[    1.403572] pci 0000:8c:0e.5: [8086:208e] type 00 class 0x088000 conventional PCI endpoint
[    1.403679] pci 0000:8c:0e.6: [8086:208e] type 00 class 0x088000 conventional PCI endpoint
[    1.403780] pci 0000:8c:0e.7: [8086:208e] type 00 class 0x088000 conventional PCI endpoint
[    1.403884] pci 0000:8c:0f.0: [8086:208e] type 00 class 0x088000 conventional PCI endpoint
[    1.404018] pci 0000:8c:0f.1: [8086:208e] type 00 class 0x088000 conventional PCI endpoint
[    1.404135] pci 0000:8c:1d.0: [8086:2054] type 00 class 0x088000 conventional PCI endpoint
[    1.404267] pci 0000:8c:1d.1: [8086:2055] type 00 class 0x088000 conventional PCI endpoint
[    1.404369] pci 0000:8c:1d.2: [8086:2056] type 00 class 0x088000 conventional PCI endpoint
[    1.404473] pci 0000:8c:1d.3: [8086:2057] type 00 class 0x088000 conventional PCI endpoint
[    1.404587] pci 0000:8c:1e.0: [8086:2080] type 00 class 0x088000 conventional PCI endpoint
[    1.404719] pci 0000:8c:1e.1: [8086:2081] type 00 class 0x088000 conventional PCI endpoint
[    1.404820] pci 0000:8c:1e.2: [8086:2082] type 00 class 0x088000 conventional PCI endpoint
[    1.404923] pci 0000:8c:1e.3: [8086:2083] type 00 class 0x088000 conventional PCI endpoint
[    1.405026] pci 0000:8c:1e.4: [8086:2084] type 00 class 0x088000 conventional PCI endpoint
[    1.405128] pci 0000:8c:1e.5: [8086:2085] type 00 class 0x088000 conventional PCI endpoint
[    1.405229] pci 0000:8c:1e.6: [8086:2086] type 00 class 0x088000 conventional PCI endpoint
[    1.405368] pci 0000:8c:00.0: PCI bridge to [bus 8d]
[    1.405398] pci_bus 0000:8c: on NUMA node 1
[    1.405718] ACPI: PCI Root Bridge [PC08] (domain 0000 [bus 98-a3])
[    1.405728] acpi PNP0A08:08: _OSC: OS supports [ExtendedConfig ASPM ClockPM Segments MSI EDR HPX-Type3]
[    1.406294] acpi PNP0A08:08: _OSC: platform does not support [SHPCHotplug AER LTR DPC]
[    1.406738] acpi PNP0A08:08: _OSC: OS now controls [PCIeHotplug PME PCIeCapability]
[    1.406746] acpi PNP0A08:08: FADT indicates ASPM is unsupported, using BIOS configuration
[    1.407095] PCI host bridge to bus 0000:98
[    1.407102] pci_bus 0000:98: root bus resource [io  0xc000-0xdfff window]
[    1.407109] pci_bus 0000:98: root bus resource [mem 0xe1000000-0xee7fffff window]
[    1.407117] pci_bus 0000:98: root bus resource [mem 0x398000000000-0x39bfffffffff window]
[    1.407124] pci_bus 0000:98: root bus resource [bus 98-a3]
[    1.407150] pci 0000:98:00.0: [8086:2030] type 01 class 0x060400 PCIe Root Port
[    1.407204] pci 0000:98:00.0: PCI bridge to [bus 99]
[    1.407271] pci 0000:98:00.0: PME# supported from D0 D3hot D3cold
[    1.407442] pci 0000:98:05.0: [8086:2034] type 00 class 0x088000 PCIe Root Complex Integrated Endpoint
[    1.407584] pci 0000:98:05.2: [8086:2035] type 00 class 0x088000 PCIe Root Complex Integrated Endpoint
[    1.407720] pci 0000:98:05.4: [8086:2036] type 00 class 0x080020 PCIe Root Complex Integrated Endpoint
[    1.407748] pci 0000:98:05.4: BAR 0 [mem 0xe1000000-0xe1000fff]
[    1.407906] pci 0000:98:08.0: [8086:2066] type 00 class 0x088000 PCIe Root Complex Integrated Endpoint
[    1.408069] pci 0000:98:09.0: [8086:2066] type 00 class 0x088000 PCIe Root Complex Integrated Endpoint
[    1.408228] pci 0000:98:0a.0: [8086:2040] type 00 class 0x088000 PCIe Root Complex Integrated Endpoint
[    1.408383] pci 0000:98:0a.1: [8086:2041] type 00 class 0x088000 PCIe Root Complex Integrated Endpoint
[    1.408511] pci 0000:98:0a.2: [8086:2042] type 00 class 0x088000 PCIe Root Complex Integrated Endpoint
[    1.408648] pci 0000:98:0a.3: [8086:2043] type 00 class 0x088000 PCIe Root Complex Integrated Endpoint
[    1.408774] pci 0000:98:0a.4: [8086:2044] type 00 class 0x088000 PCIe Root Complex Integrated Endpoint
[    1.408899] pci 0000:98:0a.5: [8086:2045] type 00 class 0x088000 PCIe Root Complex Integrated Endpoint
[    1.409023] pci 0000:98:0a.6: [8086:2046] type 00 class 0x088000 PCIe Root Complex Integrated Endpoint
[    1.409149] pci 0000:98:0a.7: [8086:2047] type 00 class 0x088000 PCIe Root Complex Integrated Endpoint
[    1.409274] pci 0000:98:0b.0: [8086:2048] type 00 class 0x088000 PCIe Root Complex Integrated Endpoint
[    1.409429] pci 0000:98:0b.1: [8086:2049] type 00 class 0x088000 PCIe Root Complex Integrated Endpoint
[    1.409555] pci 0000:98:0b.2: [8086:204a] type 00 class 0x088000 PCIe Root Complex Integrated Endpoint
[    1.409688] pci 0000:98:0b.3: [8086:204b] type 00 class 0x088000 PCIe Root Complex Integrated Endpoint
[    1.409815] pci 0000:98:0c.0: [8086:2040] type 00 class 0x088000 PCIe Root Complex Integrated Endpoint
[    1.409972] pci 0000:98:0c.1: [8086:2041] type 00 class 0x088000 PCIe Root Complex Integrated Endpoint
[    1.410099] pci 0000:98:0c.2: [8086:2042] type 00 class 0x088000 PCIe Root Complex Integrated Endpoint
[    1.410225] pci 0000:98:0c.3: [8086:2043] type 00 class 0x088000 PCIe Root Complex Integrated Endpoint
[    1.410351] pci 0000:98:0c.4: [8086:2044] type 00 class 0x088000 PCIe Root Complex Integrated Endpoint
[    1.410476] pci 0000:98:0c.5: [8086:2045] type 00 class 0x088000 PCIe Root Complex Integrated Endpoint
[    1.410603] pci 0000:98:0c.6: [8086:2046] type 00 class 0x088000 PCIe Root Complex Integrated Endpoint
[    1.410735] pci 0000:98:0c.7: [8086:2047] type 00 class 0x088000 PCIe Root Complex Integrated Endpoint
[    1.410863] pci 0000:98:0d.0: [8086:2048] type 00 class 0x088000 PCIe Root Complex Integrated Endpoint
[    1.411028] pci 0000:98:0d.1: [8086:2049] type 00 class 0x088000 PCIe Root Complex Integrated Endpoint
[    1.411154] pci 0000:98:0d.2: [8086:204a] type 00 class 0x088000 PCIe Root Complex Integrated Endpoint
[    1.411280] pci 0000:98:0d.3: [8086:204b] type 00 class 0x088000 PCIe Root Complex Integrated Endpoint
[    1.411454] pci 0000:98:00.0: PCI bridge to [bus 99]
[    1.411484] pci_bus 0000:98: on NUMA node 1
[    1.411778] ACPI: PCI Root Bridge [PC09] (domain 0000 [bus a4-ff])
[    1.411788] acpi PNP0A08:09: _OSC: OS supports [ExtendedConfig ASPM ClockPM Segments MSI EDR HPX-Type3]
[    1.412349] acpi PNP0A08:09: _OSC: platform does not support [SHPCHotplug AER LTR DPC]
[    1.412795] acpi PNP0A08:09: _OSC: OS now controls [PCIeHotplug PME PCIeCapability]
[    1.412803] acpi PNP0A08:09: FADT indicates ASPM is unsupported, using BIOS configuration
[    1.413138] PCI host bridge to bus 0000:a4
[    1.413146] pci_bus 0000:a4: root bus resource [io  0xe000-0xffff window]
[    1.413153] pci_bus 0000:a4: root bus resource [mem 0xee800000-0xfbffffff window]
[    1.413160] pci_bus 0000:a4: root bus resource [mem 0x39c000000000-0x39ffffffffff window]
[    1.413168] pci_bus 0000:a4: root bus resource [bus a4-ff]
[    1.413194] pci 0000:a4:00.0: [8086:2030] type 01 class 0x060400 PCIe Root Port
[    1.413248] pci 0000:a4:00.0: PCI bridge to [bus a5]
[    1.413319] pci 0000:a4:00.0: PME# supported from D0 D3hot D3cold
[    1.413486] pci 0000:a4:02.0: [8086:2032] type 01 class 0x060400 PCIe Root Port
[    1.413540] pci 0000:a4:02.0: PCI bridge to [bus a6]
[    1.413548] pci 0000:a4:02.0:   bridge window [mem 0xee800000-0xee8fffff]
[    1.413615] pci 0000:a4:02.0: PME# supported from D0 D3hot D3cold
[    1.413767] pci 0000:a4:05.0: [8086:2034] type 00 class 0x088000 PCIe Root Complex Integrated Endpoint
[    1.413915] pci 0000:a4:05.2: [8086:2035] type 00 class 0x088000 PCIe Root Complex Integrated Endpoint
[    1.414054] pci 0000:a4:05.4: [8086:2036] type 00 class 0x080020 PCIe Root Complex Integrated Endpoint
[    1.414082] pci 0000:a4:05.4: BAR 0 [mem 0xee900000-0xee900fff]
[    1.414245] pci 0000:a4:0e.0: [8086:2058] type 00 class 0x110100 PCIe Root Complex Integrated Endpoint
[    1.414402] pci 0000:a4:0e.1: [8086:2059] type 00 class 0x088000 PCIe Root Complex Integrated Endpoint
[    1.414530] pci 0000:a4:0f.0: [8086:2058] type 00 class 0x110100 PCIe Root Complex Integrated Endpoint
[    1.414691] pci 0000:a4:0f.1: [8086:2059] type 00 class 0x088000 PCIe Root Complex Integrated Endpoint
[    1.414820] pci 0000:a4:12.0: [8086:204c] type 00 class 0x110100 PCIe Root Complex Integrated Endpoint
[    1.414974] pci 0000:a4:12.1: [8086:204d] type 00 class 0x110100 conventional PCI endpoint
[    1.415087] pci 0000:a4:12.2: [8086:204e] type 00 class 0x088000 conventional PCI endpoint
[    1.415194] pci 0000:a4:15.0: [8086:2018] type 00 class 0x088000 conventional PCI endpoint
[    1.415332] pci 0000:a4:16.0: [8086:2018] type 00 class 0x088000 conventional PCI endpoint
[    1.415465] pci 0000:a4:16.4: [8086:2018] type 00 class 0x088000 conventional PCI endpoint
[    1.415614] pci 0000:a4:00.0: PCI bridge to [bus a5]
[    1.415680] pci 0000:a6:00.0: [1179:0110] type 00 class 0x010802 PCIe Endpoint
[    1.415719] pci 0000:a6:00.0: BAR 0 [mem 0xee800000-0xee807fff 64bit]
[    1.415796] pci 0000:a6:00.0: ROM [mem 0xffff0000-0xffffffff pref]
[    1.415957] pci 0000:a4:02.0: PCI bridge to [bus a6]
[    1.416001] pci_bus 0000:a4: on NUMA node 1
[    1.417359] ACPI: EC: interrupt unblocked
[    1.417366] ACPI: EC: event unblocked
[    1.417373] ACPI: EC: EC_CMD/EC_SC=0x66, EC_DATA=0x62
[    1.417378] ACPI: EC: GPE=0x6e
[    1.417382] ACPI: \_SB_.PC00.LPC0.EC0_: Boot DSDT EC initialization complete
[    1.417390] ACPI: \_SB_.PC00.LPC0.EC0_: EC: Used to handle transactions and events
[    1.417551] iommu: Default domain type: Translated
[    1.417551] iommu: DMA domain TLB invalidation policy: lazy mode
[    1.417551] SCSI subsystem initialized
[    1.418035] libata version 3.00 loaded.
[    1.418059] ACPI: bus type USB registered
[    1.418082] usbcore: registered new interface driver usbfs
[    1.418093] usbcore: registered new interface driver hub
[    1.418119] usbcore: registered new device driver usb
[    1.418153] pps_core: LinuxPPS API ver. 1 registered
[    1.418158] pps_core: Software ver. 5.3.6 - Copyright 2005-2007 Rodolfo Giometti <giometti@linux.it>
[    1.418167] PTP clock support registered
[    1.418224] EDAC MC: Ver: 3.0.0
[    1.419019] efivars: Registered efivars operations
[    1.419460] NetLabel: Initializing
[    1.419465] NetLabel:  domain hash size = 128
[    1.419470] NetLabel:  protocols = UNLABELED CIPSOv4 CALIPSO
[    1.419497] NetLabel:  unlabeled traffic allowed by default
[    1.419522] mctp: management component transport protocol core
[    1.419522] NET: Registered PF_MCTP protocol family
[    1.419522] PCI: Using ACPI for IRQ routing
[    1.423508] PCI: pci_cache_line_size set to 64 bytes
[    1.423774] e820: reserve RAM buffer [mem 0x0005d000-0x0005ffff]
[    1.423778] e820: reserve RAM buffer [mem 0x65549000-0x67ffffff]
[    1.423781] e820: reserve RAM buffer [mem 0x656ef018-0x67ffffff]
[    1.423784] e820: reserve RAM buffer [mem 0x656fa018-0x67ffffff]
[    1.423786] e820: reserve RAM buffer [mem 0x66225018-0x67ffffff]
[    1.423788] e820: reserve RAM buffer [mem 0x66259018-0x67ffffff]
[    1.423790] e820: reserve RAM buffer [mem 0x66462018-0x67ffffff]
[    1.423792] e820: reserve RAM buffer [mem 0x686db000-0x6bffffff]
[    1.423794] e820: reserve RAM buffer [mem 0x68793000-0x6bffffff]
[    1.423796] e820: reserve RAM buffer [mem 0x6f800000-0x6fffffff]
[    1.423851] pci 0000:15:00.0: vgaarb: setting as boot VGA device
[    1.423851] pci 0000:15:00.0: vgaarb: bridge control possible
[    1.423851] pci 0000:15:00.0: vgaarb: VGA device added: decodes=io+mem,owns=none,locks=none
[    1.423851] vgaarb: loaded
[    1.424136] hpet0: at MMIO 0xfed00000, IRQs 2, 8, 0, 0, 0, 0, 0, 0
[    1.424153] hpet0: 8 comparators, 64-bit 24.000000 MHz counter
[    1.426124] clocksource: Switched to clocksource tsc-early
[    1.427314] VFS: Disk quotas dquot_6.6.0
[    1.427354] VFS: Dquot-cache hash table entries: 512 (order 0, 4096 bytes)
[    1.427565] AppArmor: AppArmor Filesystem Enabled
[    1.427588] pnp: PnP ACPI init
[    1.428884] system 00:01: [io  0x0500-0x053f] has been reserved
[    1.428894] system 00:01: [io  0x0400-0x047f] has been reserved
[    1.428901] system 00:01: [io  0x0540-0x057f] has been reserved
[    1.428907] system 00:01: [io  0x0600-0x061f] has been reserved
[    1.428913] system 00:01: [io  0x0ca0-0x0ca5] has been reserved
[    1.428919] system 00:01: [io  0x0880-0x0883] has been reserved
[    1.428925] system 00:01: [io  0x0800-0x081f] has been reserved
[    1.428932] system 00:01: [mem 0xfed1c000-0xfed3ffff] has been reserved
[    1.428939] system 00:01: [mem 0xfed45000-0xfed8bfff] has been reserved
[    1.428945] system 00:01: [mem 0xff000000-0xffffffff] has been reserved
[    1.428952] system 00:01: [mem 0xfee00000-0xfeefffff] has been reserved
[    1.428958] system 00:01: [mem 0xfed12000-0xfed1200f] has been reserved
[    1.428965] system 00:01: [mem 0xfed12010-0xfed1201f] has been reserved
[    1.428971] system 00:01: [mem 0xfed1b000-0xfed1bfff] has been reserved
[    1.430320] system 00:05: [mem 0xfd000000-0xfdabffff] has been reserved
[    1.430330] system 00:05: [mem 0xfdad0000-0xfdadffff] has been reserved
[    1.430337] system 00:05: [mem 0xfdb00000-0xfdffffff] has been reserved
[    1.430349] system 00:05: [mem 0xfe000000-0xfe00ffff] has been reserved
[    1.430355] system 00:05: [mem 0xfe011000-0xfe01ffff] has been reserved
[    1.430362] system 00:05: [mem 0xfe036000-0xfe03bfff] has been reserved
[    1.430368] system 00:05: [mem 0xfe03d000-0xfe3fffff] has been reserved
[    1.430375] system 00:05: [mem 0xfe410000-0xfe7fffff] has been reserved
[    1.430779] system 00:06: [io  0x1000-0x10fe] has been reserved
[    1.432170] system 00:07: [mem 0xfed40000-0xfed44fff] has been reserved
[    1.432184] pnp: PnP ACPI: found 8 devices
[    1.439303] clocksource: acpi_pm: mask: 0xffffff max_cycles: 0xffffff, max_idle_ns: 2085701024 ns
[    1.439473] NET: Registered PF_INET protocol family
[    1.440059] IP idents hash table entries: 262144 (order: 9, 2097152 bytes, vmalloc)
[    1.465497] tcp_listen_portaddr_hash hash table entries: 65536 (order: 8, 1048576 bytes, vmalloc)
[    1.465672] Table-perturb hash table entries: 65536 (order: 6, 262144 bytes, vmalloc)
[    1.466691] TCP established hash table entries: 524288 (order: 10, 4194304 bytes, vmalloc hugepage)
[    1.467763] TCP bind hash table entries: 65536 (order: 9, 2097152 bytes, vmalloc)
[    1.468018] TCP: Hash tables configured (established 524288 bind 65536)
[    1.468620] MPTCP token hash table entries: 65536 (order: 8, 1572864 bytes, vmalloc)
[    1.469314] UDP hash table entries: 65536 (order: 9, 2097152 bytes, vmalloc)
[    1.470105] UDP-Lite hash table entries: 65536 (order: 9, 2097152 bytes, vmalloc)
[    1.470511] NET: Registered PF_UNIX/PF_LOCAL protocol family
[    1.470526] NET: Registered PF_XDP protocol family
[    1.470538] pci 0000:02:00.0: ROM [mem 0xfff00000-0xffffffff pref]: can't claim; no compatible bridge window
[    1.470548] pci 0000:04:00.0: ROM [mem 0xfff80000-0xffffffff pref]: can't claim; no compatible bridge window
[    1.470557] pci 0000:04:00.2: ROM [mem 0xfff80000-0xffffffff pref]: can't claim; no compatible bridge window
[    1.470567] pci 0000:15:00.0: ROM [mem 0xfff80000-0xffffffff pref]: can't claim; no compatible bridge window
[    1.470583] pci 0000:2d:00.0: ROM [mem 0xffff0000-0xffffffff pref]: can't claim; no compatible bridge window
[    1.470600] pci 0000:a6:00.0: ROM [mem 0xffff0000-0xffffffff pref]: can't claim; no compatible bridge window
[    1.470614] pci 0000:00:1c.0: bridge window [io  0x1000-0x0fff] to [bus 01] add_size 1000
[    1.470623] pci 0000:00:1c.0: bridge window [mem 0x00100000-0x000fffff 64bit pref] to [bus 01] add_size 200000 add_align 100000
[    1.470633] pci 0000:00:1c.0: bridge window [mem 0x00100000-0x000fffff] to [bus 01] add_size 200000 add_align 100000
[    1.470645] pci 0000:00:1c.4: Assigned bridge window [mem 0x90100000-0x901fffff] to [bus 02-05] cannot fit 0x100000 required for 0000:03:03.0 bridging to [bus 04-05]
[    1.470658] pci 0000:03:03.0: bridge window [mem 0x00000000] to [bus 04-05] requires relaxed alignment rules
[    1.470667] pci 0000:00:1c.4: Assigned bridge window [mem 0x90100000-0x901fffff] to [bus 02-05] cannot fit 0x100000 required for 0000:02:00.0 bridging to [bus 03-05]
[    1.470678] pci 0000:02:00.0: bridge window [mem 0x00000000] to [bus 03-05] requires relaxed alignment rules
[    1.470698] pci 0000:00:1c.0: bridge window [mem 0x90400000-0x905fffff]: assigned
[    1.470706] pci 0000:00:1c.0: bridge window [mem 0x380000000000-0x3800001fffff 64bit pref]: assigned
[    1.470717] pci 0000:00:1c.0: bridge window [io  0x3000-0x3fff]: assigned
[    1.470726] pci 0000:00:1c.0: PCI bridge to [bus 01]
[    1.470732] pci 0000:00:1c.0:   bridge window [io  0x3000-0x3fff]
[    1.470747] pci 0000:00:1c.0:   bridge window [mem 0x90400000-0x905fffff]
[    1.470760] pci 0000:00:1c.0:   bridge window [mem 0x380000000000-0x3800001fffff 64bit pref]
[    1.470780] pci 0000:02:00.0: ROM [mem size 0x00100000 pref]: can't assign; no space
[    1.470788] pci 0000:02:00.0: ROM [mem size 0x00100000 pref]: failed to assign
[    1.470795] pci 0000:02:00.0: bridge window [mem size 0x00100000]: can't assign; no space
[    1.470802] pci 0000:02:00.0: bridge window [mem size 0x00100000]: failed to assign
[    1.470810] pci 0000:03:03.0: bridge window [mem size 0x00100000]: can't assign; no space
[    1.470817] pci 0000:03:03.0: bridge window [mem size 0x00100000]: failed to assign
[    1.470824] pci 0000:04:00.0: ROM [mem size 0x00080000 pref]: can't assign; no space
[    1.470831] pci 0000:04:00.0: ROM [mem size 0x00080000 pref]: failed to assign
[    1.470838] pci 0000:04:00.2: ROM [mem size 0x00080000 pref]: can't assign; no space
[    1.470844] pci 0000:04:00.2: ROM [mem size 0x00080000 pref]: failed to assign
[    1.470851] pci 0000:03:03.0: PCI bridge to [bus 04-05]
[    1.470873] pci 0000:03:03.0:   bridge window [mem 0x383ffd000000-0x383fff9fffff 64bit pref]
[    1.470894] pci 0000:02:00.0: PCI bridge to [bus 03-05]
[    1.470915] pci 0000:02:00.0:   bridge window [mem 0x383ffd000000-0x383fff9fffff 64bit pref]
[    1.470935] pci 0000:00:1c.4: PCI bridge to [bus 02-05]
[    1.470949] pci 0000:00:1c.4:   bridge window [mem 0x90100000-0x901fffff]
[    1.470961] pci 0000:00:1c.4:   bridge window [mem 0x383ffd000000-0x383fff9fffff 64bit pref]
[    1.470981] pci_bus 0000:00: Some PCI device resources are unassigned, try booting with pci=realloc
[    1.470988] pci_bus 0000:00: resource 4 [io  0x0000-0x0cf7 window]
[    1.470994] pci_bus 0000:00: resource 5 [io  0x1000-0x3fff window]
[    1.471000] pci_bus 0000:00: resource 6 [mem 0x000c4000-0x000c7fff window]
[    1.471006] pci_bus 0000:00: resource 7 [mem 0xfe010000-0xfe010fff window]
[    1.471013] pci_bus 0000:00: resource 8 [mem 0x90000000-0x93ffffff window]
[    1.471019] pci_bus 0000:00: resource 9 [mem 0x380000000000-0x383fffffffff window]
[    1.471026] pci_bus 0000:01: resource 0 [io  0x3000-0x3fff]
[    1.471031] pci_bus 0000:01: resource 1 [mem 0x90400000-0x905fffff]
[    1.471037] pci_bus 0000:01: resource 2 [mem 0x380000000000-0x3800001fffff 64bit pref]
[    1.471044] pci_bus 0000:02: resource 1 [mem 0x90100000-0x901fffff]
[    1.471050] pci_bus 0000:02: resource 2 [mem 0x383ffd000000-0x383fff9fffff 64bit pref]
[    1.471057] pci_bus 0000:03: resource 2 [mem 0x383ffd000000-0x383fff9fffff 64bit pref]
[    1.471064] pci_bus 0000:04: resource 2 [mem 0x383ffd000000-0x383fff9fffff 64bit pref]
[    1.471307] pci 0000:15:00.0: ROM [mem 0xb3080000-0xb30fffff pref]: assigned
[    1.471315] pci 0000:14:00.0: PCI bridge to [bus 15]
[    1.471321] pci 0000:14:00.0:   bridge window [io  0x4000-0x4fff]
[    1.471334] pci 0000:14:00.0:   bridge window [mem 0xb2000000-0xb30fffff]
[    1.471351] pci 0000:14:00.0:   bridge window [mem 0xa0000000-0xb1ffffff 64bit pref]
[    1.471371] pci_bus 0000:14: resource 4 [mem 0x000a0000-0x000bffff window]
[    1.471377] pci_bus 0000:14: resource 5 [io  0x4000-0x5fff window]
[    1.471383] pci_bus 0000:14: resource 6 [io  0x03b0-0x03bb window]
[    1.471389] pci_bus 0000:14: resource 7 [io  0x03c0-0x03df window]
[    1.471395] pci_bus 0000:14: resource 8 [mem 0x94000000-0xb73fffff window]
[    1.471401] pci_bus 0000:14: resource 9 [mem 0x384000000000-0x387fffffffff window]
[    1.471408] pci_bus 0000:15: resource 0 [io  0x4000-0x4fff]
[    1.471414] pci_bus 0000:15: resource 1 [mem 0xb2000000-0xb30fffff]
[    1.471420] pci_bus 0000:15: resource 2 [mem 0xa0000000-0xb1ffffff 64bit pref]
[    1.471465] pci 0000:20:00.0: PCI bridge to [bus 21]
[    1.471495] pci 0000:20:01.0: PCI bridge to [bus 22]
[    1.471524] pci 0000:20:02.0: PCI bridge to [bus 23]
[    1.471555] pci_bus 0000:20: resource 4 [io  0x6000-0x7fff window]
[    1.471561] pci_bus 0000:20: resource 5 [mem 0xb7400000-0xb77fffff window]
[    1.471568] pci_bus 0000:20: resource 6 [mem 0x388000000000-0x38bfffffffff window]
[    1.471602] pci 0000:2d:00.0: ROM [mem 0xb7810000-0xb781ffff pref]: assigned
[    1.471609] pci 0000:2c:00.0: PCI bridge to [bus 2d]
[    1.471622] pci 0000:2c:00.0:   bridge window [mem 0xb7800000-0xb78fffff]
[    1.471646] pci_bus 0000:2c: resource 4 [io  0x8000-0x9fff window]
[    1.471652] pci_bus 0000:2c: resource 5 [mem 0xb7800000-0xc5ffffff window]
[    1.471658] pci_bus 0000:2c: resource 6 [mem 0x38c000000000-0x38ffffffffff window]
[    1.471665] pci_bus 0000:2d: resource 1 [mem 0xb7800000-0xb78fffff]
[    1.471695] pci_bus 0000:80: resource 4 [mem 0xc6000000-0xd37fffff window]
[    1.471702] pci_bus 0000:80: resource 5 [mem 0x390000000000-0x393fffffffff window]
[    1.471732] pci 0000:8c:00.0: PCI bridge to [bus 8d]
[    1.471764] pci_bus 0000:8c: resource 4 [io  0xa000-0xbfff window]
[    1.471770] pci_bus 0000:8c: resource 5 [mem 0xd3800000-0xe0ffffff window]
[    1.471776] pci_bus 0000:8c: resource 6 [mem 0x394000000000-0x397fffffffff window]
[    1.471820] pci 0000:98:00.0: PCI bridge to [bus 99]
[    1.471852] pci_bus 0000:98: resource 4 [io  0xc000-0xdfff window]
[    1.471858] pci_bus 0000:98: resource 5 [mem 0xe1000000-0xee7fffff window]
[    1.471864] pci_bus 0000:98: resource 6 [mem 0x398000000000-0x39bfffffffff window]
[    1.471900] pci 0000:a4:00.0: PCI bridge to [bus a5]
[    1.471931] pci 0000:a6:00.0: ROM [mem 0xee810000-0xee81ffff pref]: assigned
[    1.471937] pci 0000:a4:02.0: PCI bridge to [bus a6]
[    1.471950] pci 0000:a4:02.0:   bridge window [mem 0xee800000-0xee8fffff]
[    1.471974] pci_bus 0000:a4: resource 4 [io  0xe000-0xffff window]
[    1.471980] pci_bus 0000:a4: resource 5 [mem 0xee800000-0xfbffffff window]
[    1.471986] pci_bus 0000:a4: resource 6 [mem 0x39c000000000-0x39ffffffffff window]
[    1.471993] pci_bus 0000:a6: resource 1 [mem 0xee800000-0xee8fffff]
[    1.472606] pci 0000:14:05.0: disabled boot interrupts on device [8086:2034]
[    1.472699] pci 0000:15:00.1: extending delay after power-on from D3hot to 20 msec
[    1.472757] pci 0000:15:00.1: D0 power state depends on 0000:15:00.0
[    1.472777] pci 0000:20:05.0: disabled boot interrupts on device [8086:2034]
[    1.472850] pci 0000:2c:05.0: disabled boot interrupts on device [8086:2034]
[    1.472922] pci 0000:8c:05.0: disabled boot interrupts on device [8086:2034]
[    1.473004] pci 0000:98:05.0: disabled boot interrupts on device [8086:2034]
[    1.473080] pci 0000:a4:05.0: disabled boot interrupts on device [8086:2034]
[    1.473116] PCI: CLS 32 bytes, default 64
[    1.473209] pci 0000:00:1f.1: [8086:a1a0] type 00 class 0x058000 conventional PCI endpoint
[    1.473256] pci 0000:00:1f.1: BAR 0 [mem 0xfd000000-0xfdffffff 64bit]
[    1.473546] Trying to unpack rootfs image as initramfs...
[    1.473632] DMAR: No SATC found
[    1.473639] DMAR: dmar6: Using Queued invalidation
[    1.473647] DMAR: dmar5: Using Queued invalidation
[    1.473654] DMAR: dmar4: Using Queued invalidation
[    1.473661] DMAR: dmar3: Using Queued invalidation
[    1.473675] DMAR: dmar2: Using Queued invalidation
[    1.473681] DMAR: dmar1: Using Queued invalidation
[    1.473687] DMAR: dmar0: Using Queued invalidation
[    1.473694] DMAR: dmar7: Using Queued invalidation
[    1.474054] pci 0000:2c:00.0: Adding to iommu group 0
[    1.474121] pci 0000:2d:00.0: Adding to iommu group 1
[    1.475000] pci 0000:20:00.0: Adding to iommu group 2
[    1.475061] pci 0000:20:01.0: Adding to iommu group 3
[    1.475121] pci 0000:20:02.0: Adding to iommu group 4
[    1.476369] pci 0000:14:00.0: Adding to iommu group 5
[    1.476539] pci 0000:15:00.0: Adding to iommu group 6
[    1.476609] pci 0000:15:00.1: Adding to iommu group 6
[    1.477584] pci 0000:a4:00.0: Adding to iommu group 7
[    1.477642] pci 0000:a4:02.0: Adding to iommu group 8
[    1.477706] pci 0000:a6:00.0: Adding to iommu group 9
[    1.479760] pci 0000:98:00.0: Adding to iommu group 10
[    1.480222] pci 0000:8c:00.0: Adding to iommu group 11
[    1.480908] pci 0000:80:04.0: Adding to iommu group 12
[    1.480969] pci 0000:80:04.1: Adding to iommu group 13
[    1.481026] pci 0000:80:04.2: Adding to iommu group 14
[    1.481089] pci 0000:80:04.3: Adding to iommu group 15
[    1.481148] pci 0000:80:04.4: Adding to iommu group 16
[    1.481205] pci 0000:80:04.5: Adding to iommu group 17
[    1.481262] pci 0000:80:04.6: Adding to iommu group 18
[    1.481318] pci 0000:80:04.7: Adding to iommu group 19
[    1.484538] pci 0000:00:00.0: Adding to iommu group 20
[    1.484602] pci 0000:00:04.0: Adding to iommu group 21
[    1.484660] pci 0000:00:04.1: Adding to iommu group 22
[    1.484718] pci 0000:00:04.2: Adding to iommu group 23
[    1.484775] pci 0000:00:04.3: Adding to iommu group 24
[    1.484835] pci 0000:00:04.4: Adding to iommu group 25
[    1.484893] pci 0000:00:04.5: Adding to iommu group 26
[    1.484950] pci 0000:00:04.6: Adding to iommu group 27
[    1.485008] pci 0000:00:04.7: Adding to iommu group 28
[    1.485067] pci 0000:00:05.0: Adding to iommu group 29
[    1.485129] pci 0000:00:05.2: Adding to iommu group 30
[    1.485189] pci 0000:00:05.4: Adding to iommu group 31
[    1.485252] pci 0000:00:08.0: Adding to iommu group 32
[    1.485360] pci 0000:00:08.1: Adding to iommu group 33
[    1.485417] pci 0000:00:08.2: Adding to iommu group 34
[    1.485610] pci 0000:00:11.0: Adding to iommu group 35
[    1.485671] pci 0000:00:11.1: Adding to iommu group 35
[    1.485731] pci 0000:00:11.5: Adding to iommu group 35
[    1.485878] pci 0000:00:14.0: Adding to iommu group 36
[    1.485937] pci 0000:00:14.2: Adding to iommu group 36
[    1.486039] pci 0000:00:16.0: Adding to iommu group 37
[    1.486098] pci 0000:00:17.0: Adding to iommu group 38
[    1.486158] pci 0000:00:1c.0: Adding to iommu group 39
[    1.486217] pci 0000:00:1c.4: Adding to iommu group 40
[    1.486504] pci 0000:00:1f.0: Adding to iommu group 41
[    1.486564] pci 0000:00:1f.2: Adding to iommu group 41
[    1.486623] pci 0000:00:1f.3: Adding to iommu group 42
[    1.486683] pci 0000:00:1f.4: Adding to iommu group 41
[    1.486743] pci 0000:00:1f.5: Adding to iommu group 41
[    1.486804] pci 0000:00:1f.6: Adding to iommu group 41
[    1.486862] pci 0000:02:00.0: Adding to iommu group 43
[    1.486923] pci 0000:03:03.0: Adding to iommu group 44
[    1.486987] pci 0000:04:00.0: Adding to iommu group 45
[    1.487051] pci 0000:04:00.2: Adding to iommu group 46
[    1.487109] pci 0000:14:05.0: Adding to iommu group 47
[    1.487169] pci 0000:14:05.2: Adding to iommu group 48
[    1.487227] pci 0000:14:05.4: Adding to iommu group 49
[    1.487653] pci 0000:14:08.0: Adding to iommu group 50
[    1.487717] pci 0000:14:08.1: Adding to iommu group 50
[    1.487784] pci 0000:14:08.2: Adding to iommu group 50
[    1.487847] pci 0000:14:08.3: Adding to iommu group 50
[    1.487911] pci 0000:14:08.4: Adding to iommu group 50
[    1.487975] pci 0000:14:08.5: Adding to iommu group 50
[    1.488039] pci 0000:14:08.6: Adding to iommu group 50
[    1.488103] pci 0000:14:08.7: Adding to iommu group 50
[    1.488251] pci 0000:14:09.0: Adding to iommu group 51
[    1.488318] pci 0000:14:09.1: Adding to iommu group 51
[    1.488751] pci 0000:14:0e.0: Adding to iommu group 52
[    1.488817] pci 0000:14:0e.1: Adding to iommu group 52
[    1.488883] pci 0000:14:0e.2: Adding to iommu group 52
[    1.488948] pci 0000:14:0e.3: Adding to iommu group 52
[    1.489015] pci 0000:14:0e.4: Adding to iommu group 52
[    1.489082] pci 0000:14:0e.5: Adding to iommu group 52
[    1.489150] pci 0000:14:0e.6: Adding to iommu group 52
[    1.489216] pci 0000:14:0e.7: Adding to iommu group 52
[    1.489384] pci 0000:14:0f.0: Adding to iommu group 53
[    1.489452] pci 0000:14:0f.1: Adding to iommu group 53
[    1.489692] pci 0000:14:1d.0: Adding to iommu group 54
[    1.489762] pci 0000:14:1d.1: Adding to iommu group 54
[    1.489830] pci 0000:14:1d.2: Adding to iommu group 54
[    1.489898] pci 0000:14:1d.3: Adding to iommu group 54
[    1.490274] pci 0000:14:1e.0: Adding to iommu group 55
[    1.490347] pci 0000:14:1e.1: Adding to iommu group 55
[    1.490416] pci 0000:14:1e.2: Adding to iommu group 55
[    1.490484] pci 0000:14:1e.3: Adding to iommu group 55
[    1.490553] pci 0000:14:1e.4: Adding to iommu group 55
[    1.490622] pci 0000:14:1e.5: Adding to iommu group 55
[    1.490691] pci 0000:14:1e.6: Adding to iommu group 55
[    1.490751] pci 0000:20:05.0: Adding to iommu group 56
[    1.490811] pci 0000:20:05.2: Adding to iommu group 57
[    1.490869] pci 0000:20:05.4: Adding to iommu group 58
[    1.490926] pci 0000:20:08.0: Adding to iommu group 59
[    1.490985] pci 0000:20:09.0: Adding to iommu group 60
[    1.491043] pci 0000:20:0a.0: Adding to iommu group 61
[    1.491100] pci 0000:20:0a.1: Adding to iommu group 62
[    1.491158] pci 0000:20:0a.2: Adding to iommu group 63
[    1.491221] pci 0000:20:0a.3: Adding to iommu group 64
[    1.491278] pci 0000:20:0a.4: Adding to iommu group 65
[    1.491335] pci 0000:20:0a.5: Adding to iommu group 66
[    1.491398] pci 0000:20:0a.6: Adding to iommu group 67
[    1.491455] pci 0000:20:0a.7: Adding to iommu group 68
[    1.491513] pci 0000:20:0b.0: Adding to iommu group 69
[    1.491570] pci 0000:20:0b.1: Adding to iommu group 70
[    1.491629] pci 0000:20:0b.2: Adding to iommu group 71
[    1.491686] pci 0000:20:0b.3: Adding to iommu group 72
[    1.491743] pci 0000:20:0c.0: Adding to iommu group 73
[    1.491800] pci 0000:20:0c.1: Adding to iommu group 74
[    1.491859] pci 0000:20:0c.2: Adding to iommu group 75
[    1.491916] pci 0000:20:0c.3: Adding to iommu group 76
[    1.491973] pci 0000:20:0c.4: Adding to iommu group 77
[    1.492031] pci 0000:20:0c.5: Adding to iommu group 78
[    1.492090] pci 0000:20:0c.6: Adding to iommu group 79
[    1.492149] pci 0000:20:0c.7: Adding to iommu group 80
[    1.492207] pci 0000:20:0d.0: Adding to iommu group 81
[    1.492267] pci 0000:20:0d.1: Adding to iommu group 82
[    1.492326] pci 0000:20:0d.2: Adding to iommu group 83
[    1.492395] pci 0000:20:0d.3: Adding to iommu group 84
[    1.492453] pci 0000:2c:05.0: Adding to iommu group 85
[    1.492513] pci 0000:2c:05.2: Adding to iommu group 86
[    1.492571] pci 0000:2c:05.4: Adding to iommu group 87
[    1.492630] pci 0000:2c:0e.0: Adding to iommu group 88
[    1.492687] pci 0000:2c:0e.1: Adding to iommu group 89
[    1.492746] pci 0000:2c:0f.0: Adding to iommu group 90
[    1.492802] pci 0000:2c:0f.1: Adding to iommu group 91
[    1.492859] pci 0000:2c:12.0: Adding to iommu group 92
[    1.493006] pci 0000:2c:12.1: Adding to iommu group 93
[    1.493086] pci 0000:2c:12.2: Adding to iommu group 93
[    1.493187] pci 0000:2c:15.0: Adding to iommu group 94
[    1.493334] pci 0000:2c:16.0: Adding to iommu group 95
[    1.493416] pci 0000:2c:16.4: Adding to iommu group 95
[    1.493480] pci 0000:80:05.0: Adding to iommu group 96
[    1.493537] pci 0000:80:05.2: Adding to iommu group 97
[    1.493594] pci 0000:80:05.4: Adding to iommu group 98
[    1.493651] pci 0000:80:08.0: Adding to iommu group 99
[    1.493756] pci 0000:80:08.1: Adding to iommu group 100
[    1.493813] pci 0000:80:08.2: Adding to iommu group 101
[    1.493871] pci 0000:8c:05.0: Adding to iommu group 102
[    1.493928] pci 0000:8c:05.2: Adding to iommu group 103
[    1.493987] pci 0000:8c:05.4: Adding to iommu group 104
[    1.494410] pci 0000:8c:08.0: Adding to iommu group 105
[    1.494494] pci 0000:8c:08.1: Adding to iommu group 105
[    1.494578] pci 0000:8c:08.2: Adding to iommu group 105
[    1.494661] pci 0000:8c:08.3: Adding to iommu group 105
[    1.494745] pci 0000:8c:08.4: Adding to iommu group 105
[    1.494830] pci 0000:8c:08.5: Adding to iommu group 105
[    1.494913] pci 0000:8c:08.6: Adding to iommu group 105
[    1.494996] pci 0000:8c:08.7: Adding to iommu group 105
[    1.495144] pci 0000:8c:09.0: Adding to iommu group 106
[    1.495229] pci 0000:8c:09.1: Adding to iommu group 106
[    1.495657] pci 0000:8c:0e.0: Adding to iommu group 107
[    1.495743] pci 0000:8c:0e.1: Adding to iommu group 107
[    1.495829] pci 0000:8c:0e.2: Adding to iommu group 107
[    1.495915] pci 0000:8c:0e.3: Adding to iommu group 107
[    1.496000] pci 0000:8c:0e.4: Adding to iommu group 107
[    1.496086] pci 0000:8c:0e.5: Adding to iommu group 107
[    1.496172] pci 0000:8c:0e.6: Adding to iommu group 107
[    1.496257] pci 0000:8c:0e.7: Adding to iommu group 107
[    1.496419] pci 0000:8c:0f.0: Adding to iommu group 108
[    1.496508] pci 0000:8c:0f.1: Adding to iommu group 108
[    1.496751] pci 0000:8c:1d.0: Adding to iommu group 109
[    1.496839] pci 0000:8c:1d.1: Adding to iommu group 109
[    1.496926] pci 0000:8c:1d.2: Adding to iommu group 109
[    1.497017] pci 0000:8c:1d.3: Adding to iommu group 109
[    1.497396] pci 0000:8c:1e.0: Adding to iommu group 110
[    1.497485] pci 0000:8c:1e.1: Adding to iommu group 110
[    1.497573] pci 0000:8c:1e.2: Adding to iommu group 110
[    1.497662] pci 0000:8c:1e.3: Adding to iommu group 110
[    1.497750] pci 0000:8c:1e.4: Adding to iommu group 110
[    1.497838] pci 0000:8c:1e.5: Adding to iommu group 110
[    1.497929] pci 0000:8c:1e.6: Adding to iommu group 110
[    1.497987] pci 0000:98:05.0: Adding to iommu group 111
[    1.498044] pci 0000:98:05.2: Adding to iommu group 112
[    1.498101] pci 0000:98:05.4: Adding to iommu group 113
[    1.498163] pci 0000:98:08.0: Adding to iommu group 114
[    1.498220] pci 0000:98:09.0: Adding to iommu group 115
[    1.498278] pci 0000:98:0a.0: Adding to iommu group 116
[    1.498336] pci 0000:98:0a.1: Adding to iommu group 117
[    1.498398] pci 0000:98:0a.2: Adding to iommu group 118
[    1.498456] pci 0000:98:0a.3: Adding to iommu group 119
[    1.498514] pci 0000:98:0a.4: Adding to iommu group 120
[    1.498575] pci 0000:98:0a.5: Adding to iommu group 121
[    1.498633] pci 0000:98:0a.6: Adding to iommu group 122
[    1.498690] pci 0000:98:0a.7: Adding to iommu group 123
[    1.498747] pci 0000:98:0b.0: Adding to iommu group 124
[    1.498806] pci 0000:98:0b.1: Adding to iommu group 125
[    1.498864] pci 0000:98:0b.2: Adding to iommu group 126
[    1.498921] pci 0000:98:0b.3: Adding to iommu group 127
[    1.498982] pci 0000:98:0c.0: Adding to iommu group 128
[    1.499041] pci 0000:98:0c.1: Adding to iommu group 129
[    1.499097] pci 0000:98:0c.2: Adding to iommu group 130
[    1.499154] pci 0000:98:0c.3: Adding to iommu group 131
